root /home/ubuntu/datascan/anneal | 4 runs for variants ['scratch'] | 30 epochs x 2000 steps, early stopping off, both checkpoints exported
/opt/pytorch/lib/python3.13/site-packages/torch/cuda/__init__.py:64: FutureWarning: The pynvml package is deprecated. Please install nvidia-ml-py instead. If you did not install pynvml directly, please report this to the maintainers of the package that installed pynvml for you.
  import pynvml  # type: ignore[import]
2026-09-16 02:27:06,655 | INFO | Initializing default EveNet-Lite model from /home/ubuntu/EveNet-Lite/evenet_lite/config/default_network_config.yaml with global_input_dim=3, sequential_input_dim=4
2026-09-16 02:27:09,400 | INFO | Initialized torchmetrics Accuracy with num_classes=2
2026-09-16 02:27:12,277 | INFO | Fitted normalizer with features: {'x': ['pt', 'energy', 'eta', 'phi'], 'globals': ['m4l', 'sum_pt', 'sum_energy']}
2026-09-16 02:27:12,277 | INFO | Normalization plan:
+---------------+--------------+-------------------+--------------+----------+
| Feature Group | Feature Name | Rule              | Mean         | Std      |
+===============+==============+===================+==============+==========+
| x             | pt           | log_normalize     | 3.98682      | 0.678921 |
|               | energy       | log_normalize     | 4.42733      | 0.7384   |
|               | eta          | normalize         | 0.0011922    | 1.09815  |
|               | phi          | normalize_uniform | -0.000436313 | 1.81355  |
| globals       | m4l          | log_normalize     | 5.72314      | 0.399443 |
|               | sum_pt       | log_normalize     | 5.49086      | 0.443598 |
|               | sum_energy   | log_normalize     | 5.97456      | 0.455184 |
+---------------+--------------+-------------------+--------------+----------+
2026-09-16 02:27:12,277 | INFO | Training setup: epochs=30, batch_size=512, world_size=1, device=cuda
2026-09-16 02:27:12,277 | INFO | Train loader: size=3477101, steps_per_epoch=2000, sampler=DistributedWeightedSampler, epoch_size=1024000, replacement=True
2026-09-16 02:27:12,309 | INFO | Class distribution for train -> bkg: count=2263196 (frac=0.651), weight_sum=1.000 (frac=0.500) | sig: count=1213905 (frac=0.349), weight_sum=1.000 (frac=0.500)
2026-09-16 02:27:12,309 | INFO | Val loader: size=262144, steps_per_epoch=512, sampler=None (shuffled)
2026-09-16 02:27:12,311 | INFO | Class distribution for val -> bkg: count=170468 (frac=0.650), weight_sum=0.302 (frac=0.501) | sig: count=91676 (frac=0.350), weight_sum=0.301 (frac=0.499)
--- relaunch Wed Sep 16 02:30:03 UTC 2026: a=frozen, b=pretrained,scratch
root /home/ubuntu/datascan/anneal | 8 runs for variants ['pretrained', 'scratch'] | 30 epochs x 2000 steps, early stopping off, both checkpoints exported
/opt/pytorch/lib/python3.13/site-packages/torch/cuda/__init__.py:64: FutureWarning: The pynvml package is deprecated. Please install nvidia-ml-py instead. If you did not install pynvml directly, please report this to the maintainers of the package that installed pynvml for you.
  import pynvml  # type: ignore[import]
2026-09-16 02:30:25,696 | INFO | Initializing default EveNet-Lite model from /home/ubuntu/EveNet-Lite/evenet_lite/config/default_network_config.yaml with global_input_dim=3, sequential_input_dim=4
2026-09-16 02:30:25,818 | INFO | Loading pretrained weights using source=hf (repo_id=Avencast/EveNet, filename=checkpoints.20M.a4.last.ckpt, local_path=None)
2026-09-16 02:30:26,105 | INFO | ======== Soft Load Summary ========
2026-09-16 02:30:26,105 | INFO | Loaded 504 / 535 layers (94.2%)
2026-09-16 02:30:26,105 | INFO | All components loaded: NO
2026-09-16 02:30:26,106 | INFO | --- Breakdown ---
2026-09-16 02:30:26,106 | INFO | • GlobalEmbedding [copies=1]: 100/106 loaded (6 not loaded: 0 missing, 6 mismatched)
2026-09-16 02:30:26,106 | INFO | • PET             [copies=1]: 269/271 loaded (2 not loaded: 0 missing, 2 mismatched)
2026-09-16 02:30:26,106 | INFO | • ObjectEncoder   [copies=1]: 121/121 loaded (0 not loaded: 0 missing, 0 mismatched)
2026-09-16 02:30:26,106 | INFO | • Classification  [copies=1]: 14/37 loaded (23 not loaded: 23 missing, 0 mismatched)
2026-09-16 02:30:26,106 | WARNING | Shape mismatches for 8 layers
2026-09-16 02:30:26,106 | WARNING |   - models.0.backbone.GlobalEmbedding.embedding_stack.embedding_layers.0.normalization.normalization.weight (ckpt: [10] vs model: [3])
2026-09-16 02:30:26,106 | WARNING |   - models.0.backbone.GlobalEmbedding.embedding_stack.embedding_layers.0.normalization.normalization.bias (ckpt: [10] vs model: [3])
2026-09-16 02:30:26,106 | WARNING |   - models.0.backbone.GlobalEmbedding.embedding_stack.embedding_layers.0.linear_1.0.weight (ckpt: [20, 10] vs model: [6, 3])
2026-09-16 02:30:26,106 | WARNING |   - models.0.backbone.GlobalEmbedding.embedding_stack.embedding_layers.0.linear_1.0.bias (ckpt: [20] vs model: [6])
2026-09-16 02:30:26,106 | WARNING |   - models.0.backbone.GlobalEmbedding.embedding_stack.embedding_layers.0.linear_2.0.weight (ckpt: [16, 20] vs model: [16, 6])
2026-09-16 02:30:26,106 | WARNING |   - ... and 3 more
2026-09-16 02:30:26,106 | WARNING | Missing layers (randomly initialized): 23
2026-09-16 02:30:26,106 | WARNING | • models         : 23 layers missing
2026-09-16 02:30:26,106 | WARNING | Unexpected layers in checkpoint (ignored): 91
2026-09-16 02:30:26,106 | INFO | ===================================
2026-09-16 02:30:28,682 | INFO | Initialized torchmetrics Accuracy with num_classes=2
2026-09-16 02:30:31,461 | INFO | Fitted normalizer with features: {'x': ['pt', 'energy', 'eta', 'phi'], 'globals': ['m4l', 'sum_pt', 'sum_energy']}
2026-09-16 02:30:31,461 | INFO | Normalization plan:
+---------------+--------------+-------------------+--------------+----------+
| Feature Group | Feature Name | Rule              | Mean         | Std      |
+===============+==============+===================+==============+==========+
| x             | pt           | log_normalize     | 3.98682      | 0.678921 |
|               | energy       | log_normalize     | 4.42733      | 0.7384   |
|               | eta          | normalize         | 0.0011922    | 1.09815  |
|               | phi          | normalize_uniform | -0.000436313 | 1.81355  |
| globals       | m4l          | log_normalize     | 5.72314      | 0.399443 |
|               | sum_pt       | log_normalize     | 5.49086      | 0.443598 |
|               | sum_energy   | log_normalize     | 5.97456      | 0.455184 |
+---------------+--------------+-------------------+--------------+----------+
2026-09-16 02:30:31,461 | INFO | Training setup: epochs=30, batch_size=512, world_size=1, device=cuda
2026-09-16 02:30:31,461 | INFO | Train loader: size=3477101, steps_per_epoch=2000, sampler=DistributedWeightedSampler, epoch_size=1024000, replacement=True
2026-09-16 02:30:31,494 | INFO | Class distribution for train -> bkg: count=2263196 (frac=0.651), weight_sum=1.000 (frac=0.500) | sig: count=1213905 (frac=0.349), weight_sum=1.000 (frac=0.500)
2026-09-16 02:30:31,495 | INFO | Val loader: size=262144, steps_per_epoch=512, sampler=None (shuffled)
2026-09-16 02:30:31,497 | INFO | Class distribution for val -> bkg: count=170468 (frac=0.650), weight_sum=0.302 (frac=0.501) | sig: count=91676 (frac=0.350), weight_sum=0.301 (frac=0.499)
2026-09-16 02:49:37,166 | INFO | Epoch 1/30 | train_loss=0.4616 | train_accuracy=0.7995 | val_loss=0.4462 | val_accuracy=0.7867
[anneal] epoch 1/30 lr=['0.0001', '5e-05', '1e-05'] val_loss=0.4462
2026-09-16 03:02:43,955 | INFO | Epoch 2/30 | train_loss=0.4393 | train_accuracy=0.8134 | val_loss=0.4354 | val_accuracy=0.7843
[anneal] epoch 2/30 lr=['9.97e-05', '4.99e-05', '9.97e-06'] val_loss=0.4354
2026-09-16 03:15:25,768 | INFO | Epoch 3/30 | train_loss=0.4353 | train_accuracy=0.8155 | val_loss=0.4296 | val_accuracy=0.7765
[anneal] epoch 3/30 lr=['9.88e-05', '4.94e-05', '9.88e-06'] val_loss=0.4296
2026-09-16 03:28:08,540 | INFO | Epoch 4/30 | train_loss=0.4327 | train_accuracy=0.8165 | val_loss=0.4288 | val_accuracy=0.7682
[anneal] epoch 4/30 lr=['9.74e-05', '4.87e-05', '9.74e-06'] val_loss=0.4288
2026-09-16 03:36:34,078 | INFO | Epoch 5/30 | train_loss=0.4298 | train_accuracy=0.8179 | val_loss=0.4267 | val_accuracy=0.7785
[anneal] epoch 5/30 lr=['9.54e-05', '4.77e-05', '9.54e-06'] val_loss=0.4267
2026-09-16 03:42:48,249 | INFO | Epoch 6/30 | train_loss=0.4287 | train_accuracy=0.8180 | val_loss=0.4177 | val_accuracy=0.7868
[anneal] epoch 6/30 lr=['9.28e-05', '4.64e-05', '9.28e-06'] val_loss=0.4177
2026-09-16 03:49:02,856 | INFO | Epoch 7/30 | train_loss=0.4263 | train_accuracy=0.8195 | val_loss=0.4196 | val_accuracy=0.7796
[anneal] epoch 7/30 lr=['8.98e-05', '4.49e-05', '8.98e-06'] val_loss=0.4196
2026-09-16 03:55:16,817 | INFO | Epoch 8/30 | train_loss=0.4246 | train_accuracy=0.8202 | val_loss=0.4223 | val_accuracy=0.7700
[anneal] epoch 8/30 lr=['8.63e-05', '4.31e-05', '8.63e-06'] val_loss=0.4223
2026-09-16 04:01:30,964 | INFO | Epoch 9/30 | train_loss=0.4229 | train_accuracy=0.8209 | val_loss=0.4277 | val_accuracy=0.7711
[anneal] epoch 9/30 lr=['8.24e-05', '4.12e-05', '8.24e-06'] val_loss=0.4277
2026-09-16 04:07:44,229 | INFO | Epoch 10/30 | train_loss=0.4213 | train_accuracy=0.8215 | val_loss=0.4186 | val_accuracy=0.7809
[anneal] epoch 10/30 lr=['7.81e-05', '3.9e-05', '7.81e-06'] val_loss=0.4186
2026-09-16 04:13:58,357 | INFO | Epoch 11/30 | train_loss=0.4212 | train_accuracy=0.8213 | val_loss=0.4245 | val_accuracy=0.7745
[anneal] epoch 11/30 lr=['7.34e-05', '3.67e-05', '7.34e-06'] val_loss=0.4245
2026-09-16 04:20:12,298 | INFO | Epoch 12/30 | train_loss=0.4210 | train_accuracy=0.8214 | val_loss=0.4160 | val_accuracy=0.7738
[anneal] epoch 12/30 lr=['6.85e-05', '3.43e-05', '6.85e-06'] val_loss=0.4160
2026-09-16 04:26:27,290 | INFO | Epoch 13/30 | train_loss=0.4194 | train_accuracy=0.8222 | val_loss=0.4153 | val_accuracy=0.7750
[anneal] epoch 13/30 lr=['6.34e-05', '3.17e-05', '6.34e-06'] val_loss=0.4153
2026-09-16 04:32:40,333 | INFO | Epoch 14/30 | train_loss=0.4186 | train_accuracy=0.8226 | val_loss=0.4131 | val_accuracy=0.7795
[anneal] epoch 14/30 lr=['5.81e-05', '2.9e-05', '5.81e-06'] val_loss=0.4131
2026-09-16 04:38:53,992 | INFO | Epoch 15/30 | train_loss=0.4193 | train_accuracy=0.8220 | val_loss=0.4162 | val_accuracy=0.7751
[anneal] epoch 15/30 lr=['5.27e-05', '2.64e-05', '5.27e-06'] val_loss=0.4162
2026-09-16 04:45:07,364 | INFO | Epoch 16/30 | train_loss=0.4178 | train_accuracy=0.8228 | val_loss=0.4133 | val_accuracy=0.7754
[anneal] epoch 16/30 lr=['4.73e-05', '2.36e-05', '4.73e-06'] val_loss=0.4133
2026-09-16 04:54:50,870 | INFO | Epoch 17/30 | train_loss=0.4177 | train_accuracy=0.8231 | val_loss=0.4142 | val_accuracy=0.7734
[anneal] epoch 17/30 lr=['4.19e-05', '2.1e-05', '4.19e-06'] val_loss=0.4142
2026-09-16 05:05:10,382 | INFO | Epoch 18/30 | train_loss=0.4180 | train_accuracy=0.8225 | val_loss=0.4170 | val_accuracy=0.7765
[anneal] epoch 18/30 lr=['3.66e-05', '1.83e-05', '3.66e-06'] val_loss=0.4170
2026-09-16 05:15:30,426 | INFO | Epoch 19/30 | train_loss=0.4168 | train_accuracy=0.8235 | val_loss=0.4190 | val_accuracy=0.7764
[anneal] epoch 19/30 lr=['3.15e-05', '1.57e-05', '3.15e-06'] val_loss=0.4190
2026-09-16 05:22:52,215 | INFO | Epoch 20/30 | train_loss=0.4172 | train_accuracy=0.8228 | val_loss=0.4182 | val_accuracy=0.7754
[anneal] epoch 20/30 lr=['2.66e-05', '1.33e-05', '2.66e-06'] val_loss=0.4182
2026-09-16 05:29:05,387 | INFO | Epoch 21/30 | train_loss=0.4156 | train_accuracy=0.8240 | val_loss=0.4162 | val_accuracy=0.7747
[anneal] epoch 21/30 lr=['2.19e-05', '1.1e-05', '2.19e-06'] val_loss=0.4162
2026-09-16 05:35:19,211 | INFO | Epoch 22/30 | train_loss=0.4162 | train_accuracy=0.8234 | val_loss=0.4150 | val_accuracy=0.7747
[anneal] epoch 22/30 lr=['1.76e-05', '8.82e-06', '1.76e-06'] val_loss=0.4150
2026-09-16 05:41:31,936 | INFO | Epoch 23/30 | train_loss=0.4162 | train_accuracy=0.8235 | val_loss=0.4146 | val_accuracy=0.7749
[anneal] epoch 23/30 lr=['1.37e-05', '6.85e-06', '1.37e-06'] val_loss=0.4146
2026-09-16 05:47:44,892 | INFO | Epoch 24/30 | train_loss=0.4170 | train_accuracy=0.8229 | val_loss=0.4161 | val_accuracy=0.7733
[anneal] epoch 24/30 lr=['1.02e-05', '5.1e-06', '1.02e-06'] val_loss=0.4161
2026-09-16 05:53:57,783 | INFO | Epoch 25/30 | train_loss=0.4150 | train_accuracy=0.8241 | val_loss=0.4193 | val_accuracy=0.7729
[anneal] epoch 25/30 lr=['7.16e-06', '3.58e-06', '7.16e-07'] val_loss=0.4193
2026-09-16 06:00:11,323 | INFO | Epoch 26/30 | train_loss=0.4161 | train_accuracy=0.8232 | val_loss=0.4155 | val_accuracy=0.7740
[anneal] epoch 26/30 lr=['4.62e-06', '2.31e-06', '4.62e-07'] val_loss=0.4155
2026-09-16 06:06:24,379 | INFO | Epoch 27/30 | train_loss=0.4157 | train_accuracy=0.8233 | val_loss=0.4180 | val_accuracy=0.7725
[anneal] epoch 27/30 lr=['2.62e-06', '1.31e-06', '2.62e-07'] val_loss=0.4180
2026-09-16 06:12:37,896 | INFO | Epoch 28/30 | train_loss=0.4151 | train_accuracy=0.8244 | val_loss=0.4148 | val_accuracy=0.7745
[anneal] epoch 28/30 lr=['1.17e-06', '5.84e-07', '1.17e-07'] val_loss=0.4148
2026-09-16 06:18:50,478 | INFO | Epoch 29/30 | train_loss=0.4153 | train_accuracy=0.8240 | val_loss=0.4126 | val_accuracy=0.7748
[anneal] epoch 29/30 lr=['2.93e-07', '1.47e-07', '2.93e-08'] val_loss=0.4126
2026-09-16 06:25:04,003 | INFO | Epoch 30/30 | train_loss=0.4156 | train_accuracy=0.8234 | val_loss=0.4150 | val_accuracy=0.7740
[anneal] epoch 30/30 lr=['0', '0', '0'] val_loss=0.4150
2026-09-16 06:25:04,006 | INFO | Saving checkpoint to /home/ubuntu/datascan/anneal/runs/pretrained/sig_over_bkg/f1000/seed0/last.pt (includes normalizer=True, extra keys=['epoch', 'kind', 'schedulers'])
[anneal] last-epoch weights saved to /home/ubuntu/datascan/anneal/runs/pretrained/sig_over_bkg/f1000/seed0/last.pt
2026-09-16 06:25:04,343 | INFO | Restored best model from epoch 29 based on val_loss=0.4126
2026-09-16 06:25:04,343 | INFO | Training finished
2026-09-16 06:25:04,344 | INFO | Saving checkpoint to /home/ubuntu/datascan/anneal/runs/pretrained/sig_over_bkg/f1000/seed0/final.pt (includes normalizer=True, extra keys=['schedulers'])
2026-09-16 06:25:04,902 | INFO | Starting _collect_predictions
2026-09-16 06:25:04,902 | INFO | Dataset size = 4096
2026-09-16 06:25:04,902 | INFO | Batch size = 1024
2026-09-16 06:25:05,256 | INFO | Finished prediction collection: preds=(4096, 2), indices=(4096,)
[done] pretrained/sig_over_bkg/f1000/seed0: best_epoch=29 val_auc=0.8845 C_ref=1.0568 chi2/ndf=1.71 (248.9 min)
[anneal] pretrained/sig_over_bkg/f1000: 30 epochs, best epoch 29, lr first->last 0.0001 -> 0, schedule finished: True
2026-09-16 06:39:19,542 | INFO | Initializing default EveNet-Lite model from /home/ubuntu/EveNet-Lite/evenet_lite/config/default_network_config.yaml with global_input_dim=3, sequential_input_dim=4
2026-09-16 06:39:19,635 | INFO | Initialized torchmetrics Accuracy with num_classes=2
2026-09-16 06:39:19,635 | INFO | Restoring checkpoint from /home/ubuntu/datascan/anneal/runs/pretrained/sig_over_bkg/f1000/seed0/last.pt
2026-09-16 06:39:20,310 | INFO | Restored normalizer state from checkpoint
2026-09-16 06:39:20,750 | INFO | Starting _collect_predictions
2026-09-16 06:39:20,750 | INFO | Dataset size = 4096
2026-09-16 06:39:20,750 | INFO | Batch size = 1024
2026-09-16 06:39:21,100 | INFO | Finished prediction collection: preds=(4096, 2), indices=(4096,)
[done] pretrained_last/sig_over_bkg/f1000/seed0: epoch 30 val_auc=0.8845 C_ref=1.0129 chi2/ndf=2.44 (14.3 min)
2026-09-16 06:53:35,336 | INFO | Initializing default EveNet-Lite model from /home/ubuntu/EveNet-Lite/evenet_lite/config/default_network_config.yaml with global_input_dim=3, sequential_input_dim=4
2026-09-16 06:53:35,427 | INFO | Loading pretrained weights using source=hf (repo_id=Avencast/EveNet, filename=checkpoints.20M.a4.last.ckpt, local_path=None)
2026-09-16 06:53:35,652 | INFO | ======== Soft Load Summary ========
2026-09-16 06:53:35,652 | INFO | Loaded 504 / 535 layers (94.2%)
2026-09-16 06:53:35,652 | INFO | All components loaded: NO
2026-09-16 06:53:35,653 | INFO | --- Breakdown ---
2026-09-16 06:53:35,653 | INFO | • GlobalEmbedding [copies=1]: 100/106 loaded (6 not loaded: 0 missing, 6 mismatched)
2026-09-16 06:53:35,653 | INFO | • PET             [copies=1]: 269/271 loaded (2 not loaded: 0 missing, 2 mismatched)
2026-09-16 06:53:35,653 | INFO | • ObjectEncoder   [copies=1]: 121/121 loaded (0 not loaded: 0 missing, 0 mismatched)
2026-09-16 06:53:35,653 | INFO | • Classification  [copies=1]: 14/37 loaded (23 not loaded: 23 missing, 0 mismatched)
2026-09-16 06:53:35,653 | WARNING | Shape mismatches for 8 layers
2026-09-16 06:53:35,653 | WARNING |   - models.0.backbone.GlobalEmbedding.embedding_stack.embedding_layers.0.normalization.normalization.weight (ckpt: [10] vs model: [3])
2026-09-16 06:53:35,653 | WARNING |   - models.0.backbone.GlobalEmbedding.embedding_stack.embedding_layers.0.normalization.normalization.bias (ckpt: [10] vs model: [3])
2026-09-16 06:53:35,653 | WARNING |   - models.0.backbone.GlobalEmbedding.embedding_stack.embedding_layers.0.linear_1.0.weight (ckpt: [20, 10] vs model: [6, 3])
2026-09-16 06:53:35,653 | WARNING |   - models.0.backbone.GlobalEmbedding.embedding_stack.embedding_layers.0.linear_1.0.bias (ckpt: [20] vs model: [6])
2026-09-16 06:53:35,653 | WARNING |   - models.0.backbone.GlobalEmbedding.embedding_stack.embedding_layers.0.linear_2.0.weight (ckpt: [16, 20] vs model: [16, 6])
2026-09-16 06:53:35,653 | WARNING |   - ... and 3 more
2026-09-16 06:53:35,653 | WARNING | Missing layers (randomly initialized): 23
2026-09-16 06:53:35,653 | WARNING | • models         : 23 layers missing
2026-09-16 06:53:35,653 | WARNING | Unexpected layers in checkpoint (ignored): 91
2026-09-16 06:53:35,653 | INFO | ===================================
2026-09-16 06:53:36,396 | INFO | Initialized torchmetrics Accuracy with num_classes=2
2026-09-16 06:53:37,498 | INFO | Fitted normalizer with features: {'x': ['pt', 'energy', 'eta', 'phi'], 'globals': ['m4l', 'sum_pt', 'sum_energy']}
2026-09-16 06:53:37,498 | INFO | Normalization plan:
+---------------+--------------+-------------------+------------+----------+
| Feature Group | Feature Name | Rule              | Mean       | Std      |
+===============+==============+===================+============+==========+
| x             | pt           | log_normalize     | 3.81124    | 0.532144 |
|               | energy       | log_normalize     | 4.26257    | 0.628343 |
|               | eta          | normalize         | 0.00157893 | 1.11446  |
|               | phi          | normalize_uniform | 0.00215519 | 1.81293  |
| globals       | m4l          | log_normalize     | 5.52743    | 0.261194 |
|               | sum_pt       | log_normalize     | 5.27714    | 0.296965 |
|               | sum_energy   | log_normalize     | 5.77781    | 0.357287 |
+---------------+--------------+-------------------+------------+----------+
2026-09-16 06:53:37,498 | INFO | Training setup: epochs=30, batch_size=512, world_size=1, device=cuda
2026-09-16 06:53:37,498 | INFO | Train loader: size=4610116, steps_per_epoch=2000, sampler=DistributedWeightedSampler, epoch_size=1024000, replacement=True
2026-09-16 06:53:37,538 | INFO | Class distribution for train -> bkg: count=2305058 (frac=0.500), weight_sum=1.000 (frac=0.500) | sig: count=2305058 (frac=0.500), weight_sum=1.000 (frac=0.500)
2026-09-16 06:53:37,538 | INFO | Val loader: size=262144, steps_per_epoch=512, sampler=None (shuffled)
2026-09-16 06:53:37,541 | INFO | Class distribution for val -> bkg: count=130957 (frac=0.500), weight_sum=0.227 (frac=0.500) | sig: count=131187 (frac=0.500), weight_sum=0.227 (frac=0.500)
2026-09-16 06:59:51,801 | INFO | Epoch 1/30 | train_loss=0.6983 | train_accuracy=0.5013 | val_loss=0.6959 | val_accuracy=0.4990
[anneal] epoch 1/30 lr=['0.0001', '5e-05', '1e-05'] val_loss=0.6959
2026-09-16 07:06:06,246 | INFO | Epoch 2/30 | train_loss=0.6942 | train_accuracy=0.5017 | val_loss=0.6936 | val_accuracy=0.5003
[anneal] epoch 2/30 lr=['9.97e-05', '4.99e-05', '9.97e-06'] val_loss=0.6936
2026-09-16 07:14:45,089 | INFO | Epoch 3/30 | train_loss=0.6935 | train_accuracy=0.5027 | val_loss=0.6933 | val_accuracy=0.5002
[anneal] epoch 3/30 lr=['9.88e-05', '4.94e-05', '9.88e-06'] val_loss=0.6933
2026-09-16 07:25:06,847 | INFO | Epoch 4/30 | train_loss=0.6932 | train_accuracy=0.5035 | val_loss=0.6929 | val_accuracy=0.4996
[anneal] epoch 4/30 lr=['9.74e-05', '4.87e-05', '9.74e-06'] val_loss=0.6929
2026-09-16 07:35:26,677 | INFO | Epoch 5/30 | train_loss=0.6933 | train_accuracy=0.5033 | val_loss=0.6932 | val_accuracy=0.4996
[anneal] epoch 5/30 lr=['9.54e-05', '4.77e-05', '9.54e-06'] val_loss=0.6932
2026-09-16 07:43:34,443 | INFO | Epoch 6/30 | train_loss=0.6932 | train_accuracy=0.5023 | val_loss=0.6929 | val_accuracy=0.5006
[anneal] epoch 6/30 lr=['9.28e-05', '4.64e-05', '9.28e-06'] val_loss=0.6929
2026-09-16 07:49:45,625 | INFO | Epoch 7/30 | train_loss=0.6931 | train_accuracy=0.5032 | val_loss=0.6940 | val_accuracy=0.4982
[anneal] epoch 7/30 lr=['8.98e-05', '4.49e-05', '8.98e-06'] val_loss=0.6940
2026-09-16 07:55:59,956 | INFO | Epoch 8/30 | train_loss=0.6931 | train_accuracy=0.5025 | val_loss=0.6928 | val_accuracy=0.4985
[anneal] epoch 8/30 lr=['8.63e-05', '4.31e-05', '8.63e-06'] val_loss=0.6928
2026-09-16 08:02:13,106 | INFO | Epoch 9/30 | train_loss=0.6930 | train_accuracy=0.5044 | val_loss=0.6930 | val_accuracy=0.4992
[anneal] epoch 9/30 lr=['8.24e-05', '4.12e-05', '8.24e-06'] val_loss=0.6930
2026-09-16 08:08:25,196 | INFO | Epoch 10/30 | train_loss=0.6929 | train_accuracy=0.5030 | val_loss=0.6927 | val_accuracy=0.4993
[anneal] epoch 10/30 lr=['7.81e-05', '3.9e-05', '7.81e-06'] val_loss=0.6927
2026-09-16 08:14:36,883 | INFO | Epoch 11/30 | train_loss=0.6929 | train_accuracy=0.5036 | val_loss=0.6927 | val_accuracy=0.4996
[anneal] epoch 11/30 lr=['7.34e-05', '3.67e-05', '7.34e-06'] val_loss=0.6927
2026-09-16 08:20:50,512 | INFO | Epoch 12/30 | train_loss=0.6929 | train_accuracy=0.5030 | val_loss=0.6928 | val_accuracy=0.4995
[anneal] epoch 12/30 lr=['6.85e-05', '3.43e-05', '6.85e-06'] val_loss=0.6928
2026-09-16 08:27:02,926 | INFO | Epoch 13/30 | train_loss=0.6928 | train_accuracy=0.5032 | val_loss=0.6927 | val_accuracy=0.5000
[anneal] epoch 13/30 lr=['6.34e-05', '3.17e-05', '6.34e-06'] val_loss=0.6927
2026-09-16 08:33:16,101 | INFO | Epoch 14/30 | train_loss=0.6929 | train_accuracy=0.5029 | val_loss=0.6928 | val_accuracy=0.4987
[anneal] epoch 14/30 lr=['5.81e-05', '2.9e-05', '5.81e-06'] val_loss=0.6928
2026-09-16 08:39:27,940 | INFO | Epoch 15/30 | train_loss=0.6928 | train_accuracy=0.5037 | val_loss=0.6934 | val_accuracy=0.5009
[anneal] epoch 15/30 lr=['5.27e-05', '2.64e-05', '5.27e-06'] val_loss=0.6934
2026-09-16 08:45:41,502 | INFO | Epoch 16/30 | train_loss=0.6928 | train_accuracy=0.5035 | val_loss=0.6928 | val_accuracy=0.4996
[anneal] epoch 16/30 lr=['4.73e-05', '2.36e-05', '4.73e-06'] val_loss=0.6928
2026-09-16 08:51:52,996 | INFO | Epoch 17/30 | train_loss=0.6928 | train_accuracy=0.5033 | val_loss=0.6928 | val_accuracy=0.4997
[anneal] epoch 17/30 lr=['4.19e-05', '2.1e-05', '4.19e-06'] val_loss=0.6928
2026-09-16 08:58:04,385 | INFO | Epoch 18/30 | train_loss=0.6927 | train_accuracy=0.5038 | val_loss=0.6929 | val_accuracy=0.4998
[anneal] epoch 18/30 lr=['3.66e-05', '1.83e-05', '3.66e-06'] val_loss=0.6929
2026-09-16 09:04:16,933 | INFO | Epoch 19/30 | train_loss=0.6927 | train_accuracy=0.5036 | val_loss=0.6930 | val_accuracy=0.4991
[anneal] epoch 19/30 lr=['3.15e-05', '1.57e-05', '3.15e-06'] val_loss=0.6930
2026-09-16 09:10:29,758 | INFO | Epoch 20/30 | train_loss=0.6927 | train_accuracy=0.5050 | val_loss=0.6928 | val_accuracy=0.4993
[anneal] epoch 20/30 lr=['2.66e-05', '1.33e-05', '2.66e-06'] val_loss=0.6928
2026-09-16 09:16:42,752 | INFO | Epoch 21/30 | train_loss=0.6927 | train_accuracy=0.5040 | val_loss=0.6930 | val_accuracy=0.4995
[anneal] epoch 21/30 lr=['2.19e-05', '1.1e-05', '2.19e-06'] val_loss=0.6930
2026-09-16 09:23:44,490 | INFO | Epoch 22/30 | train_loss=0.6927 | train_accuracy=0.5033 | val_loss=0.6927 | val_accuracy=0.4992
[anneal] epoch 22/30 lr=['1.76e-05', '8.82e-06', '1.76e-06'] val_loss=0.6927
2026-09-16 09:34:05,103 | INFO | Epoch 23/30 | train_loss=0.6927 | train_accuracy=0.5037 | val_loss=0.6927 | val_accuracy=0.5001
[anneal] epoch 23/30 lr=['1.37e-05', '6.85e-06', '1.37e-06'] val_loss=0.6927
2026-09-16 09:44:24,279 | INFO | Epoch 24/30 | train_loss=0.6927 | train_accuracy=0.5038 | val_loss=0.6927 | val_accuracy=0.4989
[anneal] epoch 24/30 lr=['1.02e-05', '5.1e-06', '1.02e-06'] val_loss=0.6927
2026-09-16 09:51:32,300 | INFO | Epoch 25/30 | train_loss=0.6926 | train_accuracy=0.5052 | val_loss=0.6927 | val_accuracy=0.4988
[anneal] epoch 25/30 lr=['7.16e-06', '3.58e-06', '7.16e-07'] val_loss=0.6927
2026-09-16 09:57:46,492 | INFO | Epoch 26/30 | train_loss=0.6926 | train_accuracy=0.5040 | val_loss=0.6927 | val_accuracy=0.4999
[anneal] epoch 26/30 lr=['4.62e-06', '2.31e-06', '4.62e-07'] val_loss=0.6927
2026-09-16 10:04:00,765 | INFO | Epoch 27/30 | train_loss=0.6926 | train_accuracy=0.5037 | val_loss=0.6927 | val_accuracy=0.4989
[anneal] epoch 27/30 lr=['2.62e-06', '1.31e-06', '2.62e-07'] val_loss=0.6927
2026-09-16 10:10:13,441 | INFO | Epoch 28/30 | train_loss=0.6926 | train_accuracy=0.5045 | val_loss=0.6927 | val_accuracy=0.4997
[anneal] epoch 28/30 lr=['1.17e-06', '5.84e-07', '1.17e-07'] val_loss=0.6927
2026-09-16 10:16:26,560 | INFO | Epoch 29/30 | train_loss=0.6926 | train_accuracy=0.5053 | val_loss=0.6927 | val_accuracy=0.4993
[anneal] epoch 29/30 lr=['2.93e-07', '1.47e-07', '2.93e-08'] val_loss=0.6927
2026-09-16 10:22:40,512 | INFO | Epoch 30/30 | train_loss=0.6925 | train_accuracy=0.5060 | val_loss=0.6927 | val_accuracy=0.4994
[anneal] epoch 30/30 lr=['0', '0', '0'] val_loss=0.6927
2026-09-16 10:22:40,515 | INFO | Saving checkpoint to /home/ubuntu/datascan/anneal/runs/pretrained/sbi_over_bkg/f1000/seed0/last.pt (includes normalizer=True, extra keys=['epoch', 'kind', 'schedulers'])
[anneal] last-epoch weights saved to /home/ubuntu/datascan/anneal/runs/pretrained/sbi_over_bkg/f1000/seed0/last.pt
2026-09-16 10:22:40,888 | INFO | Restored best model from epoch 30 based on val_loss=0.6927
2026-09-16 10:22:40,888 | INFO | Training finished
2026-09-16 10:22:40,889 | INFO | Saving checkpoint to /home/ubuntu/datascan/anneal/runs/pretrained/sbi_over_bkg/f1000/seed0/final.pt (includes normalizer=True, extra keys=['schedulers'])
2026-09-16 10:22:41,467 | INFO | Starting _collect_predictions
2026-09-16 10:22:41,467 | INFO | Dataset size = 4096
2026-09-16 10:22:41,467 | INFO | Batch size = 1024
2026-09-16 10:22:41,795 | INFO | Finished prediction collection: preds=(4096, 2), indices=(4096,)
[done] pretrained/sbi_over_bkg/f1000/seed0: best_epoch=30 val_auc=0.5076 C_ref=1.0020 chi2/ndf=0.04 (222.9 min)
[anneal] pretrained/sbi_over_bkg/f1000: 30 epochs, best epoch 30, lr first->last 0.0001 -> 0, schedule finished: True
2026-09-16 10:36:28,999 | INFO | Initializing default EveNet-Lite model from /home/ubuntu/EveNet-Lite/evenet_lite/config/default_network_config.yaml with global_input_dim=3, sequential_input_dim=4
2026-09-16 10:36:29,096 | INFO | Initialized torchmetrics Accuracy with num_classes=2
2026-09-16 10:36:29,096 | INFO | Restoring checkpoint from /home/ubuntu/datascan/anneal/runs/pretrained/sbi_over_bkg/f1000/seed0/last.pt
2026-09-16 10:36:29,752 | INFO | Restored normalizer state from checkpoint
2026-09-16 10:36:30,184 | INFO | Starting _collect_predictions
2026-09-16 10:36:30,184 | INFO | Dataset size = 4096
2026-09-16 10:36:30,184 | INFO | Batch size = 1024
2026-09-16 10:36:30,504 | INFO | Finished prediction collection: preds=(4096, 2), indices=(4096,)
[done] pretrained_last/sbi_over_bkg/f1000/seed0: epoch 30 val_auc=0.5076 C_ref=1.0020 chi2/ndf=0.04 (13.8 min)
2026-09-16 10:50:19,535 | INFO | Initializing default EveNet-Lite model from /home/ubuntu/EveNet-Lite/evenet_lite/config/default_network_config.yaml with global_input_dim=3, sequential_input_dim=4
2026-09-16 10:50:19,626 | INFO | Loading pretrained weights using source=hf (repo_id=Avencast/EveNet, filename=checkpoints.20M.a4.last.ckpt, local_path=None)
2026-09-16 10:50:19,853 | INFO | ======== Soft Load Summary ========
2026-09-16 10:50:19,853 | INFO | Loaded 504 / 535 layers (94.2%)
2026-09-16 10:50:19,853 | INFO | All components loaded: NO
2026-09-16 10:50:19,854 | INFO | --- Breakdown ---
2026-09-16 10:50:19,854 | INFO | • GlobalEmbedding [copies=1]: 100/106 loaded (6 not loaded: 0 missing, 6 mismatched)
2026-09-16 10:50:19,854 | INFO | • PET             [copies=1]: 269/271 loaded (2 not loaded: 0 missing, 2 mismatched)
2026-09-16 10:50:19,854 | INFO | • ObjectEncoder   [copies=1]: 121/121 loaded (0 not loaded: 0 missing, 0 mismatched)
2026-09-16 10:50:19,854 | INFO | • Classification  [copies=1]: 14/37 loaded (23 not loaded: 23 missing, 0 mismatched)
2026-09-16 10:50:19,854 | WARNING | Shape mismatches for 8 layers
2026-09-16 10:50:19,854 | WARNING |   - models.0.backbone.GlobalEmbedding.embedding_stack.embedding_layers.0.normalization.normalization.weight (ckpt: [10] vs model: [3])
2026-09-16 10:50:19,854 | WARNING |   - models.0.backbone.GlobalEmbedding.embedding_stack.embedding_layers.0.normalization.normalization.bias (ckpt: [10] vs model: [3])
2026-09-16 10:50:19,854 | WARNING |   - models.0.backbone.GlobalEmbedding.embedding_stack.embedding_layers.0.linear_1.0.weight (ckpt: [20, 10] vs model: [6, 3])
2026-09-16 10:50:19,854 | WARNING |   - models.0.backbone.GlobalEmbedding.embedding_stack.embedding_layers.0.linear_1.0.bias (ckpt: [20] vs model: [6])
2026-09-16 10:50:19,854 | WARNING |   - models.0.backbone.GlobalEmbedding.embedding_stack.embedding_layers.0.linear_2.0.weight (ckpt: [16, 20] vs model: [16, 6])
2026-09-16 10:50:19,854 | WARNING |   - ... and 3 more
2026-09-16 10:50:19,854 | WARNING | Missing layers (randomly initialized): 23
2026-09-16 10:50:19,854 | WARNING | • models         : 23 layers missing
2026-09-16 10:50:19,854 | WARNING | Unexpected layers in checkpoint (ignored): 91
2026-09-16 10:50:19,854 | INFO | ===================================
2026-09-16 10:50:19,997 | INFO | Initialized torchmetrics Accuracy with num_classes=2
2026-09-16 10:50:20,109 | INFO | Fitted normalizer with features: {'x': ['pt', 'energy', 'eta', 'phi'], 'globals': ['m4l', 'sum_pt', 'sum_energy']}
2026-09-16 10:50:20,109 | INFO | Normalization plan:
+---------------+--------------+-------------------+------------+----------+
| Feature Group | Feature Name | Rule              | Mean       | Std      |
+===============+==============+===================+============+==========+
| x             | pt           | log_normalize     | 3.98783    | 0.679691 |
|               | energy       | log_normalize     | 4.42913    | 0.738827 |
|               | eta          | normalize         | 0.00361719 | 1.09929  |
|               | phi          | normalize_uniform | 0.0028908  | 1.81309  |
| globals       | m4l          | log_normalize     | 5.7241     | 0.399983 |
|               | sum_pt       | log_normalize     | 5.492      | 0.444526 |
|               | sum_energy   | log_normalize     | 5.97656    | 0.455542 |
+---------------+--------------+-------------------+------------+----------+
2026-09-16 10:50:20,109 | INFO | Training setup: epochs=30, batch_size=512, world_size=1, device=cuda
2026-09-16 10:50:20,109 | INFO | Train loader: size=104313, steps_per_epoch=2000, sampler=DistributedWeightedSampler, epoch_size=1024000, replacement=True
2026-09-16 10:50:20,110 | INFO | Class distribution for train -> bkg: count=67896 (frac=0.651), weight_sum=1.000 (frac=0.500) | sig: count=36417 (frac=0.349), weight_sum=1.000 (frac=0.500)
2026-09-16 10:50:20,110 | INFO | Val loader: size=262144, steps_per_epoch=512, sampler=None (shuffled)
2026-09-16 10:50:20,113 | INFO | Class distribution for val -> bkg: count=170468 (frac=0.650), weight_sum=0.302 (frac=0.501) | sig: count=91676 (frac=0.350), weight_sum=0.301 (frac=0.499)
2026-09-16 10:56:36,733 | INFO | Epoch 1/30 | train_loss=0.4544 | train_accuracy=0.8026 | val_loss=0.4410 | val_accuracy=0.7902
[anneal] epoch 1/30 lr=['0.0001', '5e-05', '1e-05'] val_loss=0.4410
2026-09-16 11:02:49,993 | INFO | Epoch 2/30 | train_loss=0.4263 | train_accuracy=0.8177 | val_loss=0.4436 | val_accuracy=0.7813
[anneal] epoch 2/30 lr=['9.97e-05', '4.99e-05', '9.97e-06'] val_loss=0.4436
2026-09-16 11:09:02,931 | INFO | Epoch 3/30 | train_loss=0.4105 | train_accuracy=0.8245 | val_loss=0.4578 | val_accuracy=0.7775
[anneal] epoch 3/30 lr=['9.88e-05', '4.94e-05', '9.88e-06'] val_loss=0.4578
2026-09-16 11:15:14,773 | INFO | Epoch 4/30 | train_loss=0.3952 | train_accuracy=0.8304 | val_loss=0.4643 | val_accuracy=0.7659
[anneal] epoch 4/30 lr=['9.74e-05', '4.87e-05', '9.74e-06'] val_loss=0.4643
2026-09-16 11:21:27,946 | INFO | Epoch 5/30 | train_loss=0.3789 | train_accuracy=0.8379 | val_loss=0.4804 | val_accuracy=0.7720
[anneal] epoch 5/30 lr=['9.54e-05', '4.77e-05', '9.54e-06'] val_loss=0.4804
2026-09-16 11:27:39,322 | INFO | Epoch 6/30 | train_loss=0.3614 | train_accuracy=0.8462 | val_loss=0.4889 | val_accuracy=0.7662
[anneal] epoch 6/30 lr=['9.28e-05', '4.64e-05', '9.28e-06'] val_loss=0.4889
2026-09-16 11:33:50,868 | INFO | Epoch 7/30 | train_loss=0.3437 | train_accuracy=0.8549 | val_loss=0.5203 | val_accuracy=0.7558
[anneal] epoch 7/30 lr=['8.98e-05', '4.49e-05', '8.98e-06'] val_loss=0.5203
2026-09-16 11:42:32,594 | INFO | Epoch 8/30 | train_loss=0.3245 | train_accuracy=0.8638 | val_loss=0.5353 | val_accuracy=0.7565
[anneal] epoch 8/30 lr=['8.63e-05', '4.31e-05', '8.63e-06'] val_loss=0.5353
2026-09-16 11:52:53,444 | INFO | Epoch 9/30 | train_loss=0.3053 | train_accuracy=0.8731 | val_loss=0.5479 | val_accuracy=0.7667
[anneal] epoch 9/30 lr=['8.24e-05', '4.12e-05', '8.24e-06'] val_loss=0.5479
2026-09-16 12:01:29,232 | INFO | Epoch 10/30 | train_loss=0.2858 | train_accuracy=0.8821 | val_loss=0.5904 | val_accuracy=0.7473
[anneal] epoch 10/30 lr=['7.81e-05', '3.9e-05', '7.81e-06'] val_loss=0.5904
2026-09-16 12:05:20,070 | INFO | Epoch 11/30 | train_loss=0.2699 | train_accuracy=0.8899 | val_loss=0.6092 | val_accuracy=0.7575
[anneal] epoch 11/30 lr=['7.34e-05', '3.67e-05', '7.34e-06'] val_loss=0.6092
2026-09-16 12:09:11,468 | INFO | Epoch 12/30 | train_loss=0.2546 | train_accuracy=0.8970 | val_loss=0.6293 | val_accuracy=0.7559
[anneal] epoch 12/30 lr=['6.85e-05', '3.43e-05', '6.85e-06'] val_loss=0.6293
2026-09-16 12:13:02,539 | INFO | Epoch 13/30 | train_loss=0.2380 | train_accuracy=0.9044 | val_loss=0.6671 | val_accuracy=0.7533
[anneal] epoch 13/30 lr=['6.34e-05', '3.17e-05', '6.34e-06'] val_loss=0.6671
2026-09-16 12:16:53,242 | INFO | Epoch 14/30 | train_loss=0.2258 | train_accuracy=0.9100 | val_loss=0.7128 | val_accuracy=0.7444
[anneal] epoch 14/30 lr=['5.81e-05', '2.9e-05', '5.81e-06'] val_loss=0.7128
2026-09-16 12:20:44,180 | INFO | Epoch 15/30 | train_loss=0.2131 | train_accuracy=0.9155 | val_loss=0.7010 | val_accuracy=0.7545
[anneal] epoch 15/30 lr=['5.27e-05', '2.64e-05', '5.27e-06'] val_loss=0.7010
2026-09-16 12:24:35,250 | INFO | Epoch 16/30 | train_loss=0.2019 | train_accuracy=0.9206 | val_loss=0.7271 | val_accuracy=0.7517
[anneal] epoch 16/30 lr=['4.73e-05', '2.36e-05', '4.73e-06'] val_loss=0.7271
2026-09-16 12:28:26,688 | INFO | Epoch 17/30 | train_loss=0.1934 | train_accuracy=0.9243 | val_loss=0.7554 | val_accuracy=0.7573
[anneal] epoch 17/30 lr=['4.19e-05', '2.1e-05', '4.19e-06'] val_loss=0.7554
2026-09-16 12:32:18,280 | INFO | Epoch 18/30 | train_loss=0.1836 | train_accuracy=0.9284 | val_loss=0.7730 | val_accuracy=0.7570
[anneal] epoch 18/30 lr=['3.66e-05', '1.83e-05', '3.66e-06'] val_loss=0.7730
2026-09-16 12:36:10,123 | INFO | Epoch 19/30 | train_loss=0.1758 | train_accuracy=0.9317 | val_loss=0.8029 | val_accuracy=0.7564
[anneal] epoch 19/30 lr=['3.15e-05', '1.57e-05', '3.15e-06'] val_loss=0.8029
2026-09-16 12:40:01,612 | INFO | Epoch 20/30 | train_loss=0.1687 | train_accuracy=0.9346 | val_loss=0.8117 | val_accuracy=0.7573
[anneal] epoch 20/30 lr=['2.66e-05', '1.33e-05', '2.66e-06'] val_loss=0.8117
2026-09-16 12:43:52,821 | INFO | Epoch 21/30 | train_loss=0.1647 | train_accuracy=0.9366 | val_loss=0.8277 | val_accuracy=0.7608
[anneal] epoch 21/30 lr=['2.19e-05', '1.1e-05', '2.19e-06'] val_loss=0.8277
2026-09-16 12:47:43,834 | INFO | Epoch 22/30 | train_loss=0.1586 | train_accuracy=0.9391 | val_loss=0.8380 | val_accuracy=0.7572
[anneal] epoch 22/30 lr=['1.76e-05', '8.82e-06', '1.76e-06'] val_loss=0.8380
2026-09-16 12:51:34,911 | INFO | Epoch 23/30 | train_loss=0.1543 | train_accuracy=0.9409 | val_loss=0.8530 | val_accuracy=0.7624
[anneal] epoch 23/30 lr=['1.37e-05', '6.85e-06', '1.37e-06'] val_loss=0.8530
2026-09-16 12:55:25,830 | INFO | Epoch 24/30 | train_loss=0.1515 | train_accuracy=0.9423 | val_loss=0.8680 | val_accuracy=0.7555
[anneal] epoch 24/30 lr=['1.02e-05', '5.1e-06', '1.02e-06'] val_loss=0.8680
2026-09-16 12:59:17,446 | INFO | Epoch 25/30 | train_loss=0.1486 | train_accuracy=0.9430 | val_loss=0.8678 | val_accuracy=0.7581
[anneal] epoch 25/30 lr=['7.16e-06', '3.58e-06', '7.16e-07'] val_loss=0.8678
2026-09-16 13:03:09,031 | INFO | Epoch 26/30 | train_loss=0.1475 | train_accuracy=0.9438 | val_loss=0.8664 | val_accuracy=0.7588
[anneal] epoch 26/30 lr=['4.62e-06', '2.31e-06', '4.62e-07'] val_loss=0.8664
2026-09-16 13:07:00,548 | INFO | Epoch 27/30 | train_loss=0.1452 | train_accuracy=0.9443 | val_loss=0.8678 | val_accuracy=0.7578
[anneal] epoch 27/30 lr=['2.62e-06', '1.31e-06', '2.62e-07'] val_loss=0.8678
2026-09-16 13:10:51,950 | INFO | Epoch 28/30 | train_loss=0.1439 | train_accuracy=0.9453 | val_loss=0.8703 | val_accuracy=0.7580
[anneal] epoch 28/30 lr=['1.17e-06', '5.84e-07', '1.17e-07'] val_loss=0.8703
2026-09-16 13:14:43,015 | INFO | Epoch 29/30 | train_loss=0.1439 | train_accuracy=0.9452 | val_loss=0.8733 | val_accuracy=0.7581
[anneal] epoch 29/30 lr=['2.93e-07', '1.47e-07', '2.93e-08'] val_loss=0.8733
2026-09-16 13:18:34,618 | INFO | Epoch 30/30 | train_loss=0.1432 | train_accuracy=0.9453 | val_loss=0.8781 | val_accuracy=0.7580
[anneal] epoch 30/30 lr=['0', '0', '0'] val_loss=0.8781
2026-09-16 13:18:34,621 | INFO | Saving checkpoint to /home/ubuntu/datascan/anneal/runs/pretrained/sig_over_bkg/f0030/seed0/last.pt (includes normalizer=True, extra keys=['epoch', 'kind', 'schedulers'])
[anneal] last-epoch weights saved to /home/ubuntu/datascan/anneal/runs/pretrained/sig_over_bkg/f0030/seed0/last.pt
2026-09-16 13:18:34,883 | INFO | Restored best model from epoch 1 based on val_loss=0.4410
2026-09-16 13:18:34,883 | INFO | Training finished
2026-09-16 13:18:34,884 | INFO | Saving checkpoint to /home/ubuntu/datascan/anneal/runs/pretrained/sig_over_bkg/f0030/seed0/final.pt (includes normalizer=True, extra keys=['schedulers'])
2026-09-16 13:18:35,340 | INFO | Starting _collect_predictions
2026-09-16 13:18:35,340 | INFO | Dataset size = 4096
2026-09-16 13:18:35,340 | INFO | Batch size = 1024
2026-09-16 13:18:35,569 | INFO | Finished prediction collection: preds=(4096, 2), indices=(4096,)
[done] pretrained/sig_over_bkg/f0030/seed0: best_epoch=1 val_auc=0.8689 C_ref=0.9463 chi2/ndf=9.12 (156.0 min)
[anneal] pretrained/sig_over_bkg/f0030: 30 epochs, best epoch 1, lr first->last 0.0001 -> 0, schedule finished: True
2026-09-16 13:26:19,025 | INFO | Initializing default EveNet-Lite model from /home/ubuntu/EveNet-Lite/evenet_lite/config/default_network_config.yaml with global_input_dim=3, sequential_input_dim=4
2026-09-16 13:26:19,118 | INFO | Initialized torchmetrics Accuracy with num_classes=2
2026-09-16 13:26:19,118 | INFO | Restoring checkpoint from /home/ubuntu/datascan/anneal/runs/pretrained/sig_over_bkg/f0030/seed0/last.pt
2026-09-16 13:26:19,463 | INFO | Restored normalizer state from checkpoint
2026-09-16 13:26:19,758 | INFO | Starting _collect_predictions
2026-09-16 13:26:19,758 | INFO | Dataset size = 4096
2026-09-16 13:26:19,758 | INFO | Batch size = 1024
2026-09-16 13:26:19,983 | INFO | Finished prediction collection: preds=(4096, 2), indices=(4096,)
[done] pretrained_last/sig_over_bkg/f0030/seed0: epoch 30 val_auc=0.8100 C_ref=0.0026 chi2/ndf=29.49 (7.8 min)
2026-09-16 13:34:04,732 | INFO | Initializing default EveNet-Lite model from /home/ubuntu/EveNet-Lite/evenet_lite/config/default_network_config.yaml with global_input_dim=3, sequential_input_dim=4
2026-09-16 13:34:04,822 | INFO | Loading pretrained weights using source=hf (repo_id=Avencast/EveNet, filename=checkpoints.20M.a4.last.ckpt, local_path=None)
2026-09-16 13:34:05,044 | INFO | ======== Soft Load Summary ========
2026-09-16 13:34:05,044 | INFO | Loaded 504 / 535 layers (94.2%)
2026-09-16 13:34:05,044 | INFO | All components loaded: NO
2026-09-16 13:34:05,044 | INFO | --- Breakdown ---
2026-09-16 13:34:05,045 | INFO | • GlobalEmbedding [copies=1]: 100/106 loaded (6 not loaded: 0 missing, 6 mismatched)
2026-09-16 13:34:05,045 | INFO | • PET             [copies=1]: 269/271 loaded (2 not loaded: 0 missing, 2 mismatched)
2026-09-16 13:34:05,045 | INFO | • ObjectEncoder   [copies=1]: 121/121 loaded (0 not loaded: 0 missing, 0 mismatched)
2026-09-16 13:34:05,045 | INFO | • Classification  [copies=1]: 14/37 loaded (23 not loaded: 23 missing, 0 mismatched)
2026-09-16 13:34:05,045 | WARNING | Shape mismatches for 8 layers
2026-09-16 13:34:05,045 | WARNING |   - models.0.backbone.GlobalEmbedding.embedding_stack.embedding_layers.0.normalization.normalization.weight (ckpt: [10] vs model: [3])
2026-09-16 13:34:05,045 | WARNING |   - models.0.backbone.GlobalEmbedding.embedding_stack.embedding_layers.0.normalization.normalization.bias (ckpt: [10] vs model: [3])
2026-09-16 13:34:05,045 | WARNING |   - models.0.backbone.GlobalEmbedding.embedding_stack.embedding_layers.0.linear_1.0.weight (ckpt: [20, 10] vs model: [6, 3])
2026-09-16 13:34:05,045 | WARNING |   - models.0.backbone.GlobalEmbedding.embedding_stack.embedding_layers.0.linear_1.0.bias (ckpt: [20] vs model: [6])
2026-09-16 13:34:05,045 | WARNING |   - models.0.backbone.GlobalEmbedding.embedding_stack.embedding_layers.0.linear_2.0.weight (ckpt: [16, 20] vs model: [16, 6])
2026-09-16 13:34:05,045 | WARNING |   - ... and 3 more
2026-09-16 13:34:05,045 | WARNING | Missing layers (randomly initialized): 23
2026-09-16 13:34:05,045 | WARNING | • models         : 23 layers missing
2026-09-16 13:34:05,045 | WARNING | Unexpected layers in checkpoint (ignored): 91
2026-09-16 13:34:05,045 | INFO | ===================================
2026-09-16 13:34:05,226 | INFO | Initialized torchmetrics Accuracy with num_classes=2
2026-09-16 13:34:05,271 | INFO | Fitted normalizer with features: {'x': ['pt', 'energy', 'eta', 'phi'], 'globals': ['m4l', 'sum_pt', 'sum_energy']}
2026-09-16 13:34:05,271 | INFO | Normalization plan:
+---------------+--------------+-------------------+------------+----------+
| Feature Group | Feature Name | Rule              | Mean       | Std      |
+===============+==============+===================+============+==========+
| x             | pt           | log_normalize     | 3.80984    | 0.531669 |
|               | energy       | log_normalize     | 4.26035    | 0.627613 |
|               | eta          | normalize         | 0.00520081 | 1.11337  |
|               | phi          | normalize_uniform | 0.00395417 | 1.81339  |
| globals       | m4l          | log_normalize     | 5.5261     | 0.259915 |
|               | sum_pt       | log_normalize     | 5.27562    | 0.295925 |
|               | sum_energy   | log_normalize     | 5.77553    | 0.356403 |
+---------------+--------------+-------------------+------------+----------+
2026-09-16 13:34:05,271 | INFO | Training setup: epochs=30, batch_size=512, world_size=1, device=cuda
2026-09-16 13:34:05,271 | INFO | Train loader: size=138304, steps_per_epoch=2000, sampler=DistributedWeightedSampler, epoch_size=1024000, replacement=True
2026-09-16 13:34:05,272 | INFO | Class distribution for train -> bkg: count=69152 (frac=0.500), weight_sum=1.000 (frac=0.500) | sig: count=69152 (frac=0.500), weight_sum=1.000 (frac=0.500)
2026-09-16 13:34:05,272 | INFO | Val loader: size=262144, steps_per_epoch=512, sampler=None (shuffled)
2026-09-16 13:34:05,274 | INFO | Class distribution for val -> bkg: count=130957 (frac=0.500), weight_sum=0.227 (frac=0.500) | sig: count=131187 (frac=0.500), weight_sum=0.227 (frac=0.500)
2026-09-16 13:37:56,498 | INFO | Epoch 1/30 | train_loss=0.6984 | train_accuracy=0.5006 | val_loss=0.6937 | val_accuracy=0.5004
[anneal] epoch 1/30 lr=['0.0001', '5e-05', '1e-05'] val_loss=0.6937
2026-09-16 13:41:48,344 | INFO | Epoch 2/30 | train_loss=0.6942 | train_accuracy=0.5022 | val_loss=0.6942 | val_accuracy=0.4997
[anneal] epoch 2/30 lr=['9.97e-05', '4.99e-05', '9.97e-06'] val_loss=0.6942
2026-09-16 13:45:39,434 | INFO | Epoch 3/30 | train_loss=0.6935 | train_accuracy=0.5027 | val_loss=0.6933 | val_accuracy=0.4999
[anneal] epoch 3/30 lr=['9.88e-05', '4.94e-05', '9.88e-06'] val_loss=0.6933
2026-09-16 13:49:29,066 | INFO | Epoch 4/30 | train_loss=0.6933 | train_accuracy=0.5024 | val_loss=0.6931 | val_accuracy=0.4991
[anneal] epoch 4/30 lr=['9.74e-05', '4.87e-05', '9.74e-06'] val_loss=0.6931
2026-09-16 13:53:19,810 | INFO | Epoch 5/30 | train_loss=0.6932 | train_accuracy=0.5033 | val_loss=0.6929 | val_accuracy=0.5004
[anneal] epoch 5/30 lr=['9.54e-05', '4.77e-05', '9.54e-06'] val_loss=0.6929
2026-09-16 13:57:09,835 | INFO | Epoch 6/30 | train_loss=0.6932 | train_accuracy=0.5031 | val_loss=0.6935 | val_accuracy=0.4995
[anneal] epoch 6/30 lr=['9.28e-05', '4.64e-05', '9.28e-06'] val_loss=0.6935
2026-09-16 14:01:01,067 | INFO | Epoch 7/30 | train_loss=0.6930 | train_accuracy=0.5026 | val_loss=0.6930 | val_accuracy=0.4998
[anneal] epoch 7/30 lr=['8.98e-05', '4.49e-05', '8.98e-06'] val_loss=0.6930
2026-09-16 14:04:52,331 | INFO | Epoch 8/30 | train_loss=0.6930 | train_accuracy=0.5026 | val_loss=0.6929 | val_accuracy=0.5005
[anneal] epoch 8/30 lr=['8.63e-05', '4.31e-05', '8.63e-06'] val_loss=0.6929
2026-09-16 14:08:44,026 | INFO | Epoch 9/30 | train_loss=0.6930 | train_accuracy=0.5029 | val_loss=0.6931 | val_accuracy=0.5005
[anneal] epoch 9/30 lr=['8.24e-05', '4.12e-05', '8.24e-06'] val_loss=0.6931
2026-09-16 14:12:35,619 | INFO | Epoch 10/30 | train_loss=0.6930 | train_accuracy=0.5034 | val_loss=0.6935 | val_accuracy=0.5002
[anneal] epoch 10/30 lr=['7.81e-05', '3.9e-05', '7.81e-06'] val_loss=0.6935
2026-09-16 14:16:26,712 | INFO | Epoch 11/30 | train_loss=0.6930 | train_accuracy=0.5022 | val_loss=0.6931 | val_accuracy=0.4984
[anneal] epoch 11/30 lr=['7.34e-05', '3.67e-05', '7.34e-06'] val_loss=0.6931
2026-09-16 14:20:20,711 | INFO | Epoch 12/30 | train_loss=0.6928 | train_accuracy=0.5033 | val_loss=0.6930 | val_accuracy=0.4993
[anneal] epoch 12/30 lr=['6.85e-05', '3.43e-05', '6.85e-06'] val_loss=0.6930
2026-09-16 14:24:12,897 | INFO | Epoch 13/30 | train_loss=0.6928 | train_accuracy=0.5035 | val_loss=0.6941 | val_accuracy=0.4992
[anneal] epoch 13/30 lr=['6.34e-05', '3.17e-05', '6.34e-06'] val_loss=0.6941
2026-09-16 14:28:05,969 | INFO | Epoch 14/30 | train_loss=0.6929 | train_accuracy=0.5029 | val_loss=0.6933 | val_accuracy=0.5006
[anneal] epoch 14/30 lr=['5.81e-05', '2.9e-05', '5.81e-06'] val_loss=0.6933
2026-09-16 14:31:57,189 | INFO | Epoch 15/30 | train_loss=0.6929 | train_accuracy=0.5026 | val_loss=0.6928 | val_accuracy=0.4988
[anneal] epoch 15/30 lr=['5.27e-05', '2.64e-05', '5.27e-06'] val_loss=0.6928
2026-09-16 14:35:47,491 | INFO | Epoch 16/30 | train_loss=0.6928 | train_accuracy=0.5034 | val_loss=0.6927 | val_accuracy=0.4990
[anneal] epoch 16/30 lr=['4.73e-05', '2.36e-05', '4.73e-06'] val_loss=0.6927
2026-09-16 14:39:39,030 | INFO | Epoch 17/30 | train_loss=0.6928 | train_accuracy=0.5025 | val_loss=0.6928 | val_accuracy=0.4989
[anneal] epoch 17/30 lr=['4.19e-05', '2.1e-05', '4.19e-06'] val_loss=0.6928
2026-09-16 14:43:29,731 | INFO | Epoch 18/30 | train_loss=0.6927 | train_accuracy=0.5035 | val_loss=0.6928 | val_accuracy=0.4991
[anneal] epoch 18/30 lr=['3.66e-05', '1.83e-05', '3.66e-06'] val_loss=0.6928
2026-09-16 14:47:19,375 | INFO | Epoch 19/30 | train_loss=0.6928 | train_accuracy=0.5038 | val_loss=0.6929 | val_accuracy=0.5002
[anneal] epoch 19/30 lr=['3.15e-05', '1.57e-05', '3.15e-06'] val_loss=0.6929
2026-09-16 14:51:10,251 | INFO | Epoch 20/30 | train_loss=0.6927 | train_accuracy=0.5043 | val_loss=0.6927 | val_accuracy=0.4989
[anneal] epoch 20/30 lr=['2.66e-05', '1.33e-05', '2.66e-06'] val_loss=0.6927
2026-09-16 14:55:00,987 | INFO | Epoch 21/30 | train_loss=0.6927 | train_accuracy=0.5041 | val_loss=0.6927 | val_accuracy=0.4985
[anneal] epoch 21/30 lr=['2.19e-05', '1.1e-05', '2.19e-06'] val_loss=0.6927
2026-09-16 14:58:51,010 | INFO | Epoch 22/30 | train_loss=0.6927 | train_accuracy=0.5043 | val_loss=0.6927 | val_accuracy=0.4987
[anneal] epoch 22/30 lr=['1.76e-05', '8.82e-06', '1.76e-06'] val_loss=0.6927
2026-09-16 15:02:42,408 | INFO | Epoch 23/30 | train_loss=0.6927 | train_accuracy=0.5034 | val_loss=0.6927 | val_accuracy=0.4986
[anneal] epoch 23/30 lr=['1.37e-05', '6.85e-06', '1.37e-06'] val_loss=0.6927
2026-09-16 15:06:33,459 | INFO | Epoch 24/30 | train_loss=0.6927 | train_accuracy=0.5034 | val_loss=0.6927 | val_accuracy=0.4996
[anneal] epoch 24/30 lr=['1.02e-05', '5.1e-06', '1.02e-06'] val_loss=0.6927
2026-09-16 15:10:24,424 | INFO | Epoch 25/30 | train_loss=0.6926 | train_accuracy=0.5040 | val_loss=0.6927 | val_accuracy=0.4988
[anneal] epoch 25/30 lr=['7.16e-06', '3.58e-06', '7.16e-07'] val_loss=0.6927
2026-09-16 15:14:15,533 | INFO | Epoch 26/30 | train_loss=0.6926 | train_accuracy=0.5038 | val_loss=0.6927 | val_accuracy=0.4999
[anneal] epoch 26/30 lr=['4.62e-06', '2.31e-06', '4.62e-07'] val_loss=0.6927
2026-09-16 15:18:07,262 | INFO | Epoch 27/30 | train_loss=0.6926 | train_accuracy=0.5048 | val_loss=0.6927 | val_accuracy=0.4999
[anneal] epoch 27/30 lr=['2.62e-06', '1.31e-06', '2.62e-07'] val_loss=0.6927
2026-09-16 15:21:58,573 | INFO | Epoch 28/30 | train_loss=0.6925 | train_accuracy=0.5052 | val_loss=0.6927 | val_accuracy=0.4991
[anneal] epoch 28/30 lr=['1.17e-06', '5.84e-07', '1.17e-07'] val_loss=0.6927
2026-09-16 15:25:50,391 | INFO | Epoch 29/30 | train_loss=0.6926 | train_accuracy=0.5050 | val_loss=0.6927 | val_accuracy=0.4988
[anneal] epoch 29/30 lr=['2.93e-07', '1.47e-07', '2.93e-08'] val_loss=0.6927
2026-09-16 15:29:42,499 | INFO | Epoch 30/30 | train_loss=0.6926 | train_accuracy=0.5049 | val_loss=0.6927 | val_accuracy=0.4995
[anneal] epoch 30/30 lr=['0', '0', '0'] val_loss=0.6927
2026-09-16 15:29:42,502 | INFO | Saving checkpoint to /home/ubuntu/datascan/anneal/runs/pretrained/sbi_over_bkg/f0030/seed0/last.pt (includes normalizer=True, extra keys=['epoch', 'kind', 'schedulers'])
[anneal] last-epoch weights saved to /home/ubuntu/datascan/anneal/runs/pretrained/sbi_over_bkg/f0030/seed0/last.pt
2026-09-16 15:29:42,763 | INFO | Restored best model from epoch 29 based on val_loss=0.6927
2026-09-16 15:29:42,763 | INFO | Training finished
2026-09-16 15:29:42,763 | INFO | Saving checkpoint to /home/ubuntu/datascan/anneal/runs/pretrained/sbi_over_bkg/f0030/seed0/final.pt (includes normalizer=True, extra keys=['schedulers'])
2026-09-16 15:29:43,218 | INFO | Starting _collect_predictions
2026-09-16 15:29:43,218 | INFO | Dataset size = 4096
2026-09-16 15:29:43,218 | INFO | Batch size = 1024
2026-09-16 15:29:43,445 | INFO | Finished prediction collection: preds=(4096, 2), indices=(4096,)
[done] pretrained/sbi_over_bkg/f0030/seed0: best_epoch=29 val_auc=0.5074 C_ref=1.0023 chi2/ndf=0.07 (123.1 min)
[anneal] pretrained/sbi_over_bkg/f0030: 30 epochs, best epoch 29, lr first->last 0.0001 -> 0, schedule finished: True
2026-09-16 15:37:09,373 | INFO | Initializing default EveNet-Lite model from /home/ubuntu/EveNet-Lite/evenet_lite/config/default_network_config.yaml with global_input_dim=3, sequential_input_dim=4
2026-09-16 15:37:09,465 | INFO | Initialized torchmetrics Accuracy with num_classes=2
2026-09-16 15:37:09,465 | INFO | Restoring checkpoint from /home/ubuntu/datascan/anneal/runs/pretrained/sbi_over_bkg/f0030/seed0/last.pt
2026-09-16 15:37:09,808 | INFO | Restored normalizer state from checkpoint
2026-09-16 15:37:10,087 | INFO | Starting _collect_predictions
2026-09-16 15:37:10,087 | INFO | Dataset size = 4096
2026-09-16 15:37:10,087 | INFO | Batch size = 1024
2026-09-16 15:37:10,312 | INFO | Finished prediction collection: preds=(4096, 2), indices=(4096,)
[done] pretrained_last/sbi_over_bkg/f0030/seed0: epoch 30 val_auc=0.5075 C_ref=1.0025 chi2/ndf=0.07 (7.4 min)
2026-09-16 15:44:33,957 | INFO | Initializing default EveNet-Lite model from /home/ubuntu/EveNet-Lite/evenet_lite/config/default_network_config.yaml with global_input_dim=3, sequential_input_dim=4
2026-09-16 15:44:34,564 | INFO | Initialized torchmetrics Accuracy with num_classes=2
2026-09-16 15:44:35,208 | INFO | Fitted normalizer with features: {'x': ['pt', 'energy', 'eta', 'phi'], 'globals': ['m4l', 'sum_pt', 'sum_energy']}
2026-09-16 15:44:35,209 | INFO | Normalization plan:
+---------------+--------------+-------------------+--------------+----------+
| Feature Group | Feature Name | Rule              | Mean         | Std      |
+===============+==============+===================+==============+==========+
| x             | pt           | log_normalize     | 3.98682      | 0.678921 |
|               | energy       | log_normalize     | 4.42733      | 0.7384   |
|               | eta          | normalize         | 0.0011922    | 1.09815  |
|               | phi          | normalize_uniform | -0.000436313 | 1.81355  |
| globals       | m4l          | log_normalize     | 5.72314      | 0.399443 |
|               | sum_pt       | log_normalize     | 5.49086      | 0.443598 |
|               | sum_energy   | log_normalize     | 5.97456      | 0.455184 |
+---------------+--------------+-------------------+--------------+----------+
2026-09-16 15:44:35,209 | INFO | Training setup: epochs=30, batch_size=512, world_size=1, device=cuda
2026-09-16 15:44:35,209 | INFO | Train loader: size=3477101, steps_per_epoch=2000, sampler=DistributedWeightedSampler, epoch_size=1024000, replacement=True
2026-09-16 15:44:35,226 | INFO | Class distribution for train -> bkg: count=2263196 (frac=0.651), weight_sum=1.000 (frac=0.500) | sig: count=1213905 (frac=0.349), weight_sum=1.000 (frac=0.500)
2026-09-16 15:44:35,226 | INFO | Val loader: size=262144, steps_per_epoch=512, sampler=None (shuffled)
2026-09-16 15:44:35,228 | INFO | Class distribution for val -> bkg: count=170468 (frac=0.650), weight_sum=0.302 (frac=0.501) | sig: count=91676 (frac=0.350), weight_sum=0.301 (frac=0.499)
2026-09-16 15:48:28,418 | INFO | Epoch 1/30 | train_loss=0.4328 | train_accuracy=0.8167 | val_loss=0.4120 | val_accuracy=0.7765
[anneal] epoch 1/30 lr=['0.0003'] val_loss=0.4120
2026-09-16 15:52:21,431 | INFO | Epoch 2/30 | train_loss=0.4237 | train_accuracy=0.8208 | val_loss=0.4107 | val_accuracy=0.7813
[anneal] epoch 2/30 lr=['0.000299'] val_loss=0.4107
2026-09-16 15:56:14,506 | INFO | Epoch 3/30 | train_loss=0.4234 | train_accuracy=0.8205 | val_loss=0.4071 | val_accuracy=0.7746
[anneal] epoch 3/30 lr=['0.000296'] val_loss=0.4071
2026-09-16 16:00:07,089 | INFO | Epoch 4/30 | train_loss=0.4225 | train_accuracy=0.8213 | val_loss=0.4092 | val_accuracy=0.7720
[anneal] epoch 4/30 lr=['0.000292'] val_loss=0.4092
2026-09-16 16:04:00,067 | INFO | Epoch 5/30 | train_loss=0.4211 | train_accuracy=0.8217 | val_loss=0.4385 | val_accuracy=0.7685
[anneal] epoch 5/30 lr=['0.000286'] val_loss=0.4385
2026-09-16 16:07:52,022 | INFO | Epoch 6/30 | train_loss=0.4210 | train_accuracy=0.8215 | val_loss=0.4191 | val_accuracy=0.7818
[anneal] epoch 6/30 lr=['0.000279'] val_loss=0.4191
2026-09-16 16:11:45,002 | INFO | Epoch 7/30 | train_loss=0.4199 | train_accuracy=0.8226 | val_loss=0.4092 | val_accuracy=0.7779
[anneal] epoch 7/30 lr=['0.000269'] val_loss=0.4092
2026-09-16 16:15:38,363 | INFO | Epoch 8/30 | train_loss=0.4196 | train_accuracy=0.8222 | val_loss=0.4087 | val_accuracy=0.7739
[anneal] epoch 8/30 lr=['0.000259'] val_loss=0.4087
2026-09-16 16:19:31,882 | INFO | Epoch 9/30 | train_loss=0.4188 | train_accuracy=0.8227 | val_loss=0.4401 | val_accuracy=0.7586
[anneal] epoch 9/30 lr=['0.000247'] val_loss=0.4401
2026-09-16 16:23:25,227 | INFO | Epoch 10/30 | train_loss=0.4177 | train_accuracy=0.8233 | val_loss=0.4148 | val_accuracy=0.7755
[anneal] epoch 10/30 lr=['0.000234'] val_loss=0.4148
2026-09-16 16:27:18,159 | INFO | Epoch 11/30 | train_loss=0.4177 | train_accuracy=0.8230 | val_loss=0.4106 | val_accuracy=0.7737
[anneal] epoch 11/30 lr=['0.00022'] val_loss=0.4106
2026-09-16 16:31:11,364 | INFO | Epoch 12/30 | train_loss=0.4178 | train_accuracy=0.8227 | val_loss=0.4172 | val_accuracy=0.7689
[anneal] epoch 12/30 lr=['0.000206'] val_loss=0.4172
2026-09-16 16:35:04,040 | INFO | Epoch 13/30 | train_loss=0.4163 | train_accuracy=0.8234 | val_loss=0.4122 | val_accuracy=0.7740
[anneal] epoch 13/30 lr=['0.00019'] val_loss=0.4122
2026-09-16 16:38:57,218 | INFO | Epoch 14/30 | train_loss=0.4158 | train_accuracy=0.8240 | val_loss=0.4117 | val_accuracy=0.7736
[anneal] epoch 14/30 lr=['0.000174'] val_loss=0.4117
2026-09-16 16:42:50,397 | INFO | Epoch 15/30 | train_loss=0.4165 | train_accuracy=0.8235 | val_loss=0.4097 | val_accuracy=0.7729
[anneal] epoch 15/30 lr=['0.000158'] val_loss=0.4097
2026-09-16 16:46:43,314 | INFO | Epoch 16/30 | train_loss=0.4150 | train_accuracy=0.8243 | val_loss=0.4107 | val_accuracy=0.7722
[anneal] epoch 16/30 lr=['0.000142'] val_loss=0.4107
2026-09-16 16:50:35,336 | INFO | Epoch 17/30 | train_loss=0.4153 | train_accuracy=0.8242 | val_loss=0.4168 | val_accuracy=0.7681
[anneal] epoch 17/30 lr=['0.000126'] val_loss=0.4168
2026-09-16 16:54:27,966 | INFO | Epoch 18/30 | train_loss=0.4154 | train_accuracy=0.8237 | val_loss=0.4122 | val_accuracy=0.7730
[anneal] epoch 18/30 lr=['0.00011'] val_loss=0.4122
2026-09-16 16:58:20,213 | INFO | Epoch 19/30 | train_loss=0.4141 | train_accuracy=0.8245 | val_loss=0.4179 | val_accuracy=0.7710
[anneal] epoch 19/30 lr=['9.45e-05'] val_loss=0.4179
2026-09-16 17:02:13,157 | INFO | Epoch 20/30 | train_loss=0.4143 | train_accuracy=0.8241 | val_loss=0.4193 | val_accuracy=0.7699
[anneal] epoch 20/30 lr=['7.97e-05'] val_loss=0.4193
2026-09-16 17:06:05,540 | INFO | Epoch 21/30 | train_loss=0.4130 | train_accuracy=0.8252 | val_loss=0.4120 | val_accuracy=0.7731
[anneal] epoch 21/30 lr=['6.58e-05'] val_loss=0.4120
2026-09-16 17:09:58,456 | INFO | Epoch 22/30 | train_loss=0.4129 | train_accuracy=0.8245 | val_loss=0.4119 | val_accuracy=0.7737
[anneal] epoch 22/30 lr=['5.29e-05'] val_loss=0.4119
2026-09-16 17:13:52,058 | INFO | Epoch 23/30 | train_loss=0.4130 | train_accuracy=0.8246 | val_loss=0.4108 | val_accuracy=0.7726
[anneal] epoch 23/30 lr=['4.11e-05'] val_loss=0.4108
2026-09-16 17:17:45,550 | INFO | Epoch 24/30 | train_loss=0.4137 | train_accuracy=0.8241 | val_loss=0.4124 | val_accuracy=0.7728
[anneal] epoch 24/30 lr=['3.06e-05'] val_loss=0.4124
2026-09-16 17:21:38,062 | INFO | Epoch 25/30 | train_loss=0.4114 | train_accuracy=0.8254 | val_loss=0.4159 | val_accuracy=0.7713
[anneal] epoch 25/30 lr=['2.15e-05'] val_loss=0.4159
2026-09-16 17:25:31,317 | INFO | Epoch 26/30 | train_loss=0.4123 | train_accuracy=0.8250 | val_loss=0.4136 | val_accuracy=0.7706
[anneal] epoch 26/30 lr=['1.39e-05'] val_loss=0.4136
2026-09-16 17:29:24,335 | INFO | Epoch 27/30 | train_loss=0.4118 | train_accuracy=0.8250 | val_loss=0.4156 | val_accuracy=0.7697
[anneal] epoch 27/30 lr=['7.85e-06'] val_loss=0.4156
2026-09-16 17:33:16,876 | INFO | Epoch 28/30 | train_loss=0.4111 | train_accuracy=0.8260 | val_loss=0.4120 | val_accuracy=0.7728
[anneal] epoch 28/30 lr=['3.51e-06'] val_loss=0.4120
2026-09-16 17:37:09,353 | INFO | Epoch 29/30 | train_loss=0.4113 | train_accuracy=0.8256 | val_loss=0.4094 | val_accuracy=0.7732
[anneal] epoch 29/30 lr=['8.79e-07'] val_loss=0.4094
2026-09-16 17:41:02,876 | INFO | Epoch 30/30 | train_loss=0.4116 | train_accuracy=0.8249 | val_loss=0.4120 | val_accuracy=0.7719
[anneal] epoch 30/30 lr=['0'] val_loss=0.4120
2026-09-16 17:41:02,879 | INFO | Saving checkpoint to /home/ubuntu/datascan/anneal/runs/scratch/sig_over_bkg/f1000/seed0/last.pt (includes normalizer=True, extra keys=['epoch', 'kind', 'schedulers'])
[anneal] last-epoch weights saved to /home/ubuntu/datascan/anneal/runs/scratch/sig_over_bkg/f1000/seed0/last.pt
2026-09-16 17:41:03,139 | INFO | Restored best model from epoch 3 based on val_loss=0.4071
2026-09-16 17:41:03,139 | INFO | Training finished
2026-09-16 17:41:03,140 | INFO | Saving checkpoint to /home/ubuntu/datascan/anneal/runs/scratch/sig_over_bkg/f1000/seed0/final.pt (includes normalizer=True, extra keys=['schedulers'])
2026-09-16 17:41:03,591 | INFO | Starting _collect_predictions
2026-09-16 17:41:03,591 | INFO | Dataset size = 4096
2026-09-16 17:41:03,591 | INFO | Batch size = 1024
2026-09-16 17:41:03,818 | INFO | Finished prediction collection: preds=(4096, 2), indices=(4096,)
[done] scratch/sig_over_bkg/f1000/seed0: best_epoch=3 val_auc=0.8846 C_ref=1.5410 chi2/ndf=195.29 (126.3 min)
[anneal] scratch/sig_over_bkg/f1000: 30 epochs, best epoch 3, lr first->last 0.0003 -> 0, schedule finished: True
2026-09-16 17:50:50,641 | INFO | Initializing default EveNet-Lite model from /home/ubuntu/EveNet-Lite/evenet_lite/config/default_network_config.yaml with global_input_dim=3, sequential_input_dim=4
2026-09-16 17:50:50,733 | INFO | Initialized torchmetrics Accuracy with num_classes=2
2026-09-16 17:50:50,734 | INFO | Restoring checkpoint from /home/ubuntu/datascan/anneal/runs/scratch/sig_over_bkg/f1000/seed0/last.pt
2026-09-16 17:50:51,078 | INFO | Restored normalizer state from checkpoint
2026-09-16 17:50:51,314 | INFO | Starting _collect_predictions
2026-09-16 17:50:51,314 | INFO | Dataset size = 4096
2026-09-16 17:50:51,314 | INFO | Batch size = 1024
2026-09-16 17:50:51,535 | INFO | Finished prediction collection: preds=(4096, 2), indices=(4096,)
[done] scratch_last/sig_over_bkg/f1000/seed0: epoch 30 val_auc=0.8861 C_ref=1.0212 chi2/ndf=1.09 (9.8 min)
2026-09-16 18:00:39,412 | INFO | Initializing default EveNet-Lite model from /home/ubuntu/EveNet-Lite/evenet_lite/config/default_network_config.yaml with global_input_dim=3, sequential_input_dim=4
2026-09-16 18:00:40,201 | INFO | Initialized torchmetrics Accuracy with num_classes=2
2026-09-16 18:00:41,016 | INFO | Fitted normalizer with features: {'x': ['pt', 'energy', 'eta', 'phi'], 'globals': ['m4l', 'sum_pt', 'sum_energy']}
2026-09-16 18:00:41,016 | INFO | Normalization plan:
+---------------+--------------+-------------------+------------+----------+
| Feature Group | Feature Name | Rule              | Mean       | Std      |
+===============+==============+===================+============+==========+
| x             | pt           | log_normalize     | 3.81124    | 0.532144 |
|               | energy       | log_normalize     | 4.26257    | 0.628343 |
|               | eta          | normalize         | 0.00157893 | 1.11446  |
|               | phi          | normalize_uniform | 0.00215519 | 1.81293  |
| globals       | m4l          | log_normalize     | 5.52743    | 0.261194 |
|               | sum_pt       | log_normalize     | 5.27714    | 0.296965 |
|               | sum_energy   | log_normalize     | 5.77781    | 0.357287 |
+---------------+--------------+-------------------+------------+----------+
2026-09-16 18:00:41,016 | INFO | Training setup: epochs=30, batch_size=512, world_size=1, device=cuda
2026-09-16 18:00:41,016 | INFO | Train loader: size=4610116, steps_per_epoch=2000, sampler=DistributedWeightedSampler, epoch_size=1024000, replacement=True
2026-09-16 18:00:41,040 | INFO | Class distribution for train -> bkg: count=2305058 (frac=0.500), weight_sum=1.000 (frac=0.500) | sig: count=2305058 (frac=0.500), weight_sum=1.000 (frac=0.500)
2026-09-16 18:00:41,040 | INFO | Val loader: size=262144, steps_per_epoch=512, sampler=None (shuffled)
2026-09-16 18:00:41,041 | INFO | Class distribution for val -> bkg: count=130957 (frac=0.500), weight_sum=0.227 (frac=0.500) | sig: count=131187 (frac=0.500), weight_sum=0.227 (frac=0.500)
2026-09-16 18:04:34,451 | INFO | Epoch 1/30 | train_loss=0.6978 | train_accuracy=0.5013 | val_loss=0.7022 | val_accuracy=0.5003
[anneal] epoch 1/30 lr=['0.0003'] val_loss=0.7022
2026-09-16 18:08:27,806 | INFO | Epoch 2/30 | train_loss=0.6945 | train_accuracy=0.5014 | val_loss=0.6928 | val_accuracy=0.4997
[anneal] epoch 2/30 lr=['0.000299'] val_loss=0.6928
2026-09-16 18:12:21,222 | INFO | Epoch 3/30 | train_loss=0.6939 | train_accuracy=0.5024 | val_loss=0.6928 | val_accuracy=0.5003
[anneal] epoch 3/30 lr=['0.000296'] val_loss=0.6928
2026-09-16 18:16:13,973 | INFO | Epoch 4/30 | train_loss=0.6937 | train_accuracy=0.5015 | val_loss=0.6932 | val_accuracy=0.4996
[anneal] epoch 4/30 lr=['0.000292'] val_loss=0.6932
2026-09-16 18:20:06,476 | INFO | Epoch 5/30 | train_loss=0.6936 | train_accuracy=0.5008 | val_loss=0.6928 | val_accuracy=0.5004
[anneal] epoch 5/30 lr=['0.000286'] val_loss=0.6928
2026-09-16 18:23:59,017 | INFO | Epoch 6/30 | train_loss=0.6934 | train_accuracy=0.5026 | val_loss=0.6931 | val_accuracy=0.5004
[anneal] epoch 6/30 lr=['0.000279'] val_loss=0.6931
2026-09-16 18:27:50,861 | INFO | Epoch 7/30 | train_loss=0.6936 | train_accuracy=0.4998 | val_loss=0.6934 | val_accuracy=0.5004
[anneal] epoch 7/30 lr=['0.000269'] val_loss=0.6934
2026-09-16 18:31:42,503 | INFO | Epoch 8/30 | train_loss=0.6935 | train_accuracy=0.5003 | val_loss=0.6932 | val_accuracy=0.4996
[anneal] epoch 8/30 lr=['0.000259'] val_loss=0.6932
2026-09-16 18:35:34,316 | INFO | Epoch 9/30 | train_loss=0.6935 | train_accuracy=0.5004 | val_loss=0.6932 | val_accuracy=0.4996
[anneal] epoch 9/30 lr=['0.000247'] val_loss=0.6932
2026-09-16 18:39:26,197 | INFO | Epoch 10/30 | train_loss=0.6934 | train_accuracy=0.5009 | val_loss=0.6931 | val_accuracy=0.4996
[anneal] epoch 10/30 lr=['0.000234'] val_loss=0.6931
2026-09-16 18:43:18,317 | INFO | Epoch 11/30 | train_loss=0.6934 | train_accuracy=0.4999 | val_loss=0.6932 | val_accuracy=0.5004
[anneal] epoch 11/30 lr=['0.00022'] val_loss=0.6932
2026-09-16 18:47:10,447 | INFO | Epoch 12/30 | train_loss=0.6934 | train_accuracy=0.5010 | val_loss=0.6932 | val_accuracy=0.4996
[anneal] epoch 12/30 lr=['0.000206'] val_loss=0.6932
2026-09-16 18:51:02,724 | INFO | Epoch 13/30 | train_loss=0.6934 | train_accuracy=0.5000 | val_loss=0.6932 | val_accuracy=0.5004
[anneal] epoch 13/30 lr=['0.00019'] val_loss=0.6932
2026-09-16 18:54:55,421 | INFO | Epoch 14/30 | train_loss=0.6934 | train_accuracy=0.5002 | val_loss=0.6931 | val_accuracy=0.4996
[anneal] epoch 14/30 lr=['0.000174'] val_loss=0.6931
2026-09-16 18:58:47,558 | INFO | Epoch 15/30 | train_loss=0.6933 | train_accuracy=0.4992 | val_loss=0.6932 | val_accuracy=0.4996
[anneal] epoch 15/30 lr=['0.000158'] val_loss=0.6932
2026-09-16 19:02:40,265 | INFO | Epoch 16/30 | train_loss=0.6933 | train_accuracy=0.4997 | val_loss=0.6931 | val_accuracy=0.4996
[anneal] epoch 16/30 lr=['0.000142'] val_loss=0.6931
2026-09-16 19:06:32,989 | INFO | Epoch 17/30 | train_loss=0.6933 | train_accuracy=0.5010 | val_loss=0.6931 | val_accuracy=0.5004
[anneal] epoch 17/30 lr=['0.000126'] val_loss=0.6931
2026-09-16 19:10:25,621 | INFO | Epoch 18/30 | train_loss=0.6933 | train_accuracy=0.4999 | val_loss=0.6931 | val_accuracy=0.4996
[anneal] epoch 18/30 lr=['0.00011'] val_loss=0.6931
2026-09-16 19:14:18,306 | INFO | Epoch 19/30 | train_loss=0.6933 | train_accuracy=0.4999 | val_loss=0.6931 | val_accuracy=0.5004
[anneal] epoch 19/30 lr=['9.45e-05'] val_loss=0.6931
2026-09-16 19:18:10,207 | INFO | Epoch 20/30 | train_loss=0.6932 | train_accuracy=0.4994 | val_loss=0.6932 | val_accuracy=0.4996
[anneal] epoch 20/30 lr=['7.97e-05'] val_loss=0.6932
2026-09-16 19:22:02,334 | INFO | Epoch 21/30 | train_loss=0.6932 | train_accuracy=0.4998 | val_loss=0.6931 | val_accuracy=0.5004
[anneal] epoch 21/30 lr=['6.58e-05'] val_loss=0.6931
2026-09-16 19:25:54,977 | INFO | Epoch 22/30 | train_loss=0.6932 | train_accuracy=0.5001 | val_loss=0.6931 | val_accuracy=0.5004
[anneal] epoch 22/30 lr=['5.29e-05'] val_loss=0.6931
2026-09-16 19:29:47,242 | INFO | Epoch 23/30 | train_loss=0.6932 | train_accuracy=0.4995 | val_loss=0.6931 | val_accuracy=0.4996
[anneal] epoch 23/30 lr=['4.11e-05'] val_loss=0.6931
2026-09-16 19:33:40,207 | INFO | Epoch 24/30 | train_loss=0.6932 | train_accuracy=0.4994 | val_loss=0.6931 | val_accuracy=0.5004
[anneal] epoch 24/30 lr=['3.06e-05'] val_loss=0.6931
2026-09-16 19:37:33,024 | INFO | Epoch 25/30 | train_loss=0.6932 | train_accuracy=0.5005 | val_loss=0.6931 | val_accuracy=0.4996
[anneal] epoch 25/30 lr=['2.15e-05'] val_loss=0.6931
2026-09-16 19:41:25,968 | INFO | Epoch 26/30 | train_loss=0.6932 | train_accuracy=0.4993 | val_loss=0.6931 | val_accuracy=0.4996
[anneal] epoch 26/30 lr=['1.39e-05'] val_loss=0.6931
2026-09-16 19:45:18,920 | INFO | Epoch 27/30 | train_loss=0.6932 | train_accuracy=0.4990 | val_loss=0.6931 | val_accuracy=0.4996
[anneal] epoch 27/30 lr=['7.85e-06'] val_loss=0.6931
2026-09-16 19:49:11,534 | INFO | Epoch 28/30 | train_loss=0.6932 | train_accuracy=0.4999 | val_loss=0.6931 | val_accuracy=0.4996
[anneal] epoch 28/30 lr=['3.51e-06'] val_loss=0.6931
2026-09-16 19:53:03,102 | INFO | Epoch 29/30 | train_loss=0.6932 | train_accuracy=0.4999 | val_loss=0.6931 | val_accuracy=0.4996
[anneal] epoch 29/30 lr=['8.79e-07'] val_loss=0.6931
2026-09-16 19:56:54,916 | INFO | Epoch 30/30 | train_loss=0.6932 | train_accuracy=0.5001 | val_loss=0.6931 | val_accuracy=0.4996
[anneal] epoch 30/30 lr=['0'] val_loss=0.6931
2026-09-16 19:56:54,919 | INFO | Saving checkpoint to /home/ubuntu/datascan/anneal/runs/scratch/sbi_over_bkg/f1000/seed0/last.pt (includes normalizer=True, extra keys=['epoch', 'kind', 'schedulers'])
[anneal] last-epoch weights saved to /home/ubuntu/datascan/anneal/runs/scratch/sbi_over_bkg/f1000/seed0/last.pt
2026-09-16 19:56:55,179 | INFO | Restored best model from epoch 2 based on val_loss=0.6928
2026-09-16 19:56:55,179 | INFO | Training finished
2026-09-16 19:56:55,180 | INFO | Saving checkpoint to /home/ubuntu/datascan/anneal/runs/scratch/sbi_over_bkg/f1000/seed0/final.pt (includes normalizer=True, extra keys=['schedulers'])
2026-09-16 19:56:55,630 | INFO | Starting _collect_predictions
2026-09-16 19:56:55,631 | INFO | Dataset size = 4096
2026-09-16 19:56:55,631 | INFO | Batch size = 1024
2026-09-16 19:56:56,028 | INFO | Finished prediction collection: preds=(4096, 2), indices=(4096,)
[done] scratch/sbi_over_bkg/f1000/seed0: best_epoch=2 val_auc=0.5069 C_ref=0.9790 chi2/ndf=1.73 (125.8 min)
[anneal] scratch/sbi_over_bkg/f1000: 30 epochs, best epoch 2, lr first->last 0.0003 -> 0, schedule finished: True
2026-09-16 20:06:24,567 | INFO | Initializing default EveNet-Lite model from /home/ubuntu/EveNet-Lite/evenet_lite/config/default_network_config.yaml with global_input_dim=3, sequential_input_dim=4
2026-09-16 20:06:24,659 | INFO | Initialized torchmetrics Accuracy with num_classes=2
2026-09-16 20:06:24,659 | INFO | Restoring checkpoint from /home/ubuntu/datascan/anneal/runs/scratch/sbi_over_bkg/f1000/seed0/last.pt
2026-09-16 20:06:25,006 | INFO | Restored normalizer state from checkpoint
2026-09-16 20:06:25,245 | INFO | Starting _collect_predictions
2026-09-16 20:06:25,245 | INFO | Dataset size = 4096
2026-09-16 20:06:25,245 | INFO | Batch size = 1024
2026-09-16 20:06:25,467 | INFO | Finished prediction collection: preds=(4096, 2), indices=(4096,)
[done] scratch_last/sbi_over_bkg/f1000/seed0: epoch 30 val_auc=0.5000 C_ref=1.0012 chi2/ndf=9.80 (9.4 min)
2026-09-16 20:15:46,060 | INFO | Initializing default EveNet-Lite model from /home/ubuntu/EveNet-Lite/evenet_lite/config/default_network_config.yaml with global_input_dim=3, sequential_input_dim=4
2026-09-16 20:15:46,266 | INFO | Initialized torchmetrics Accuracy with num_classes=2
2026-09-16 20:15:46,309 | INFO | Fitted normalizer with features: {'x': ['pt', 'energy', 'eta', 'phi'], 'globals': ['m4l', 'sum_pt', 'sum_energy']}
2026-09-16 20:15:46,309 | INFO | Normalization plan:
+---------------+--------------+-------------------+------------+----------+
| Feature Group | Feature Name | Rule              | Mean       | Std      |
+===============+==============+===================+============+==========+
| x             | pt           | log_normalize     | 3.98783    | 0.679691 |
|               | energy       | log_normalize     | 4.42913    | 0.738827 |
|               | eta          | normalize         | 0.00361719 | 1.09929  |
|               | phi          | normalize_uniform | 0.0028908  | 1.81309  |
| globals       | m4l          | log_normalize     | 5.7241     | 0.399983 |
|               | sum_pt       | log_normalize     | 5.492      | 0.444526 |
|               | sum_energy   | log_normalize     | 5.97656    | 0.455542 |
+---------------+--------------+-------------------+------------+----------+
2026-09-16 20:15:46,309 | INFO | Training setup: epochs=30, batch_size=512, world_size=1, device=cuda
2026-09-16 20:15:46,309 | INFO | Train loader: size=104313, steps_per_epoch=2000, sampler=DistributedWeightedSampler, epoch_size=1024000, replacement=True
2026-09-16 20:15:46,310 | INFO | Class distribution for train -> bkg: count=67896 (frac=0.651), weight_sum=1.000 (frac=0.500) | sig: count=36417 (frac=0.349), weight_sum=1.000 (frac=0.500)
2026-09-16 20:15:46,310 | INFO | Val loader: size=262144, steps_per_epoch=512, sampler=None (shuffled)
2026-09-16 20:15:46,311 | INFO | Class distribution for val -> bkg: count=170468 (frac=0.650), weight_sum=0.302 (frac=0.501) | sig: count=91676 (frac=0.350), weight_sum=0.301 (frac=0.499)
2026-09-16 20:19:39,371 | INFO | Epoch 1/30 | train_loss=0.4253 | train_accuracy=0.8202 | val_loss=0.4116 | val_accuracy=0.7751
[anneal] epoch 1/30 lr=['0.0003'] val_loss=0.4116
2026-09-16 20:23:32,486 | INFO | Epoch 2/30 | train_loss=0.3979 | train_accuracy=0.8321 | val_loss=0.4465 | val_accuracy=0.7595
[anneal] epoch 2/30 lr=['0.000299'] val_loss=0.4465
2026-09-16 20:27:25,482 | INFO | Epoch 3/30 | train_loss=0.3511 | train_accuracy=0.8556 | val_loss=0.4589 | val_accuracy=0.7564
[anneal] epoch 3/30 lr=['0.000296'] val_loss=0.4589
2026-09-16 20:31:18,213 | INFO | Epoch 4/30 | train_loss=0.2998 | train_accuracy=0.8809 | val_loss=0.5601 | val_accuracy=0.7643
[anneal] epoch 4/30 lr=['0.000292'] val_loss=0.5601
2026-09-16 20:35:10,208 | INFO | Epoch 5/30 | train_loss=0.2545 | train_accuracy=0.9011 | val_loss=0.5864 | val_accuracy=0.7757
[anneal] epoch 5/30 lr=['0.000286'] val_loss=0.5864
2026-09-16 20:39:02,720 | INFO | Epoch 6/30 | train_loss=0.2164 | train_accuracy=0.9173 | val_loss=0.7100 | val_accuracy=0.7666
[anneal] epoch 6/30 lr=['0.000279'] val_loss=0.7100
2026-09-16 20:42:55,217 | INFO | Epoch 7/30 | train_loss=0.1852 | train_accuracy=0.9302 | val_loss=0.7695 | val_accuracy=0.7634
[anneal] epoch 7/30 lr=['0.000269'] val_loss=0.7695
2026-09-16 20:46:48,000 | INFO | Epoch 8/30 | train_loss=0.1584 | train_accuracy=0.9410 | val_loss=0.8093 | val_accuracy=0.7684
[anneal] epoch 8/30 lr=['0.000259'] val_loss=0.8093
2026-09-16 20:50:41,230 | INFO | Epoch 9/30 | train_loss=0.1355 | train_accuracy=0.9502 | val_loss=0.8840 | val_accuracy=0.7726
[anneal] epoch 9/30 lr=['0.000247'] val_loss=0.8840
2026-09-16 20:54:33,859 | INFO | Epoch 10/30 | train_loss=0.1154 | train_accuracy=0.9578 | val_loss=0.8502 | val_accuracy=0.7610
[anneal] epoch 10/30 lr=['0.000234'] val_loss=0.8502
2026-09-16 20:58:25,882 | INFO | Epoch 11/30 | train_loss=0.0987 | train_accuracy=0.9642 | val_loss=0.9775 | val_accuracy=0.7647
[anneal] epoch 11/30 lr=['0.00022'] val_loss=0.9775
2026-09-16 21:02:17,789 | INFO | Epoch 12/30 | train_loss=0.0849 | train_accuracy=0.9695 | val_loss=1.0278 | val_accuracy=0.7686
[anneal] epoch 12/30 lr=['0.000206'] val_loss=1.0278
2026-09-16 21:06:10,350 | INFO | Epoch 13/30 | train_loss=0.0715 | train_accuracy=0.9745 | val_loss=1.1444 | val_accuracy=0.7638
[anneal] epoch 13/30 lr=['0.00019'] val_loss=1.1444
2026-09-16 21:10:02,709 | INFO | Epoch 14/30 | train_loss=0.0611 | train_accuracy=0.9784 | val_loss=1.0877 | val_accuracy=0.7693
[anneal] epoch 14/30 lr=['0.000174'] val_loss=1.0877
2026-09-16 21:13:54,861 | INFO | Epoch 15/30 | train_loss=0.0514 | train_accuracy=0.9819 | val_loss=1.1944 | val_accuracy=0.7635
[anneal] epoch 15/30 lr=['0.000158'] val_loss=1.1944
2026-09-16 21:17:47,031 | INFO | Epoch 16/30 | train_loss=0.0435 | train_accuracy=0.9848 | val_loss=1.2694 | val_accuracy=0.7674
[anneal] epoch 16/30 lr=['0.000142'] val_loss=1.2694
2026-09-16 21:21:39,475 | INFO | Epoch 17/30 | train_loss=0.0359 | train_accuracy=0.9874 | val_loss=1.2669 | val_accuracy=0.7688
[anneal] epoch 17/30 lr=['0.000126'] val_loss=1.2669
2026-09-16 21:25:31,423 | INFO | Epoch 18/30 | train_loss=0.0304 | train_accuracy=0.9895 | val_loss=1.3394 | val_accuracy=0.7682
[anneal] epoch 18/30 lr=['0.00011'] val_loss=1.3394
2026-09-16 21:29:23,861 | INFO | Epoch 19/30 | train_loss=0.0247 | train_accuracy=0.9914 | val_loss=1.3927 | val_accuracy=0.7659
[anneal] epoch 19/30 lr=['9.45e-05'] val_loss=1.3927
2026-09-16 21:33:16,363 | INFO | Epoch 20/30 | train_loss=0.0207 | train_accuracy=0.9929 | val_loss=1.4214 | val_accuracy=0.7665
[anneal] epoch 20/30 lr=['7.97e-05'] val_loss=1.4214
2026-09-16 21:37:08,262 | INFO | Epoch 21/30 | train_loss=0.0173 | train_accuracy=0.9941 | val_loss=1.5369 | val_accuracy=0.7683
[anneal] epoch 21/30 lr=['6.58e-05'] val_loss=1.5369
2026-09-16 21:40:59,921 | INFO | Epoch 22/30 | train_loss=0.0142 | train_accuracy=0.9952 | val_loss=1.5374 | val_accuracy=0.7690
[anneal] epoch 22/30 lr=['5.29e-05'] val_loss=1.5374
2026-09-16 21:44:51,708 | INFO | Epoch 23/30 | train_loss=0.0120 | train_accuracy=0.9960 | val_loss=1.5411 | val_accuracy=0.7697
[anneal] epoch 23/30 lr=['4.11e-05'] val_loss=1.5411
2026-09-16 21:48:43,670 | INFO | Epoch 24/30 | train_loss=0.0101 | train_accuracy=0.9965 | val_loss=1.5940 | val_accuracy=0.7689
[anneal] epoch 24/30 lr=['3.06e-05'] val_loss=1.5940
2026-09-16 21:52:35,728 | INFO | Epoch 25/30 | train_loss=0.0084 | train_accuracy=0.9972 | val_loss=1.6401 | val_accuracy=0.7709
[anneal] epoch 25/30 lr=['2.15e-05'] val_loss=1.6401
2026-09-16 21:56:27,878 | INFO | Epoch 26/30 | train_loss=0.0073 | train_accuracy=0.9976 | val_loss=1.6516 | val_accuracy=0.7692
[anneal] epoch 26/30 lr=['1.39e-05'] val_loss=1.6516
2026-09-16 22:00:20,508 | INFO | Epoch 27/30 | train_loss=0.0064 | train_accuracy=0.9979 | val_loss=1.6680 | val_accuracy=0.7699
[anneal] epoch 27/30 lr=['7.85e-06'] val_loss=1.6680
2026-09-16 22:04:12,552 | INFO | Epoch 28/30 | train_loss=0.0059 | train_accuracy=0.9981 | val_loss=1.6900 | val_accuracy=0.7710
[anneal] epoch 28/30 lr=['3.51e-06'] val_loss=1.6900
2026-09-16 22:08:04,401 | INFO | Epoch 29/30 | train_loss=0.0057 | train_accuracy=0.9981 | val_loss=1.6924 | val_accuracy=0.7718
[anneal] epoch 29/30 lr=['8.79e-07'] val_loss=1.6924
2026-09-16 22:11:56,337 | INFO | Epoch 30/30 | train_loss=0.0054 | train_accuracy=0.9982 | val_loss=1.6915 | val_accuracy=0.7716
[anneal] epoch 30/30 lr=['0'] val_loss=1.6915
2026-09-16 22:11:56,339 | INFO | Saving checkpoint to /home/ubuntu/datascan/anneal/runs/scratch/sig_over_bkg/f0030/seed0/last.pt (includes normalizer=True, extra keys=['epoch', 'kind', 'schedulers'])
[anneal] last-epoch weights saved to /home/ubuntu/datascan/anneal/runs/scratch/sig_over_bkg/f0030/seed0/last.pt
2026-09-16 22:11:56,601 | INFO | Restored best model from epoch 1 based on val_loss=0.4116
2026-09-16 22:11:56,601 | INFO | Training finished
2026-09-16 22:11:56,602 | INFO | Saving checkpoint to /home/ubuntu/datascan/anneal/runs/scratch/sig_over_bkg/f0030/seed0/final.pt (includes normalizer=True, extra keys=['schedulers'])
2026-09-16 22:11:57,055 | INFO | Starting _collect_predictions
2026-09-16 22:11:57,055 | INFO | Dataset size = 4096
2026-09-16 22:11:57,055 | INFO | Batch size = 1024
2026-09-16 22:11:57,278 | INFO | Finished prediction collection: preds=(4096, 2), indices=(4096,)
[done] scratch/sig_over_bkg/f0030/seed0: best_epoch=1 val_auc=0.8800 C_ref=1.1365 chi2/ndf=12.30 (123.7 min)
[anneal] scratch/sig_over_bkg/f0030: 30 epochs, best epoch 1, lr first->last 0.0003 -> 0, schedule finished: True
2026-09-16 22:19:30,707 | INFO | Initializing default EveNet-Lite model from /home/ubuntu/EveNet-Lite/evenet_lite/config/default_network_config.yaml with global_input_dim=3, sequential_input_dim=4
2026-09-16 22:19:30,800 | INFO | Initialized torchmetrics Accuracy with num_classes=2
2026-09-16 22:19:30,800 | INFO | Restoring checkpoint from /home/ubuntu/datascan/anneal/runs/scratch/sig_over_bkg/f0030/seed0/last.pt
2026-09-16 22:19:31,327 | INFO | Restored normalizer state from checkpoint
2026-09-16 22:19:31,619 | INFO | Starting _collect_predictions
2026-09-16 22:19:31,619 | INFO | Dataset size = 4096
2026-09-16 22:19:31,619 | INFO | Batch size = 1024
2026-09-16 22:19:31,843 | INFO | Finished prediction collection: preds=(4096, 2), indices=(4096,)
[done] scratch_last/sig_over_bkg/f0030/seed0: epoch 30 val_auc=0.7878 C_ref=0.0005 chi2/ndf=144.72 (7.6 min)
2026-09-16 22:27:08,948 | INFO | Initializing default EveNet-Lite model from /home/ubuntu/EveNet-Lite/evenet_lite/config/default_network_config.yaml with global_input_dim=3, sequential_input_dim=4
2026-09-16 22:27:09,197 | INFO | Initialized torchmetrics Accuracy with num_classes=2
2026-09-16 22:27:09,248 | INFO | Fitted normalizer with features: {'x': ['pt', 'energy', 'eta', 'phi'], 'globals': ['m4l', 'sum_pt', 'sum_energy']}
2026-09-16 22:27:09,248 | INFO | Normalization plan:
+---------------+--------------+-------------------+------------+----------+
| Feature Group | Feature Name | Rule              | Mean       | Std      |
+===============+==============+===================+============+==========+
| x             | pt           | log_normalize     | 3.80984    | 0.531669 |
|               | energy       | log_normalize     | 4.26035    | 0.627613 |
|               | eta          | normalize         | 0.00520081 | 1.11337  |
|               | phi          | normalize_uniform | 0.00395417 | 1.81339  |
| globals       | m4l          | log_normalize     | 5.5261     | 0.259915 |
|               | sum_pt       | log_normalize     | 5.27562    | 0.295925 |
|               | sum_energy   | log_normalize     | 5.77553    | 0.356403 |
+---------------+--------------+-------------------+------------+----------+
2026-09-16 22:27:09,248 | INFO | Training setup: epochs=30, batch_size=512, world_size=1, device=cuda
2026-09-16 22:27:09,248 | INFO | Train loader: size=138304, steps_per_epoch=2000, sampler=DistributedWeightedSampler, epoch_size=1024000, replacement=True
2026-09-16 22:27:09,250 | INFO | Class distribution for train -> bkg: count=69152 (frac=0.500), weight_sum=1.000 (frac=0.500) | sig: count=69152 (frac=0.500), weight_sum=1.000 (frac=0.500)
2026-09-16 22:27:09,250 | INFO | Val loader: size=262144, steps_per_epoch=512, sampler=None (shuffled)
2026-09-16 22:27:09,251 | INFO | Class distribution for val -> bkg: count=130957 (frac=0.500), weight_sum=0.227 (frac=0.500) | sig: count=131187 (frac=0.500), weight_sum=0.227 (frac=0.500)
2026-09-16 22:31:00,799 | INFO | Epoch 1/30 | train_loss=0.6978 | train_accuracy=0.5011 | val_loss=0.7013 | val_accuracy=0.5002
[anneal] epoch 1/30 lr=['0.0003'] val_loss=0.7013
2026-09-16 22:34:52,407 | INFO | Epoch 2/30 | train_loss=0.6945 | train_accuracy=0.5016 | val_loss=0.6944 | val_accuracy=0.4996
[anneal] epoch 2/30 lr=['0.000299'] val_loss=0.6944
2026-09-16 22:38:44,003 | INFO | Epoch 3/30 | train_loss=0.6939 | train_accuracy=0.5026 | val_loss=0.6931 | val_accuracy=0.4996
[anneal] epoch 3/30 lr=['0.000296'] val_loss=0.6931
2026-09-16 22:42:35,808 | INFO | Epoch 4/30 | train_loss=0.6937 | train_accuracy=0.5009 | val_loss=0.6937 | val_accuracy=0.4996
[anneal] epoch 4/30 lr=['0.000292'] val_loss=0.6937
2026-09-16 22:46:27,746 | INFO | Epoch 5/30 | train_loss=0.6937 | train_accuracy=0.5010 | val_loss=0.6931 | val_accuracy=0.5004
[anneal] epoch 5/30 lr=['0.000286'] val_loss=0.6931
2026-09-16 22:50:20,344 | INFO | Epoch 6/30 | train_loss=0.6937 | train_accuracy=0.4998 | val_loss=0.6934 | val_accuracy=0.5004
[anneal] epoch 6/30 lr=['0.000279'] val_loss=0.6934
2026-09-16 22:54:13,074 | INFO | Epoch 7/30 | train_loss=0.6936 | train_accuracy=0.5001 | val_loss=0.6932 | val_accuracy=0.5004
[anneal] epoch 7/30 lr=['0.000269'] val_loss=0.6932
2026-09-16 22:58:05,643 | INFO | Epoch 8/30 | train_loss=0.6936 | train_accuracy=0.5001 | val_loss=0.6932 | val_accuracy=0.4996
[anneal] epoch 8/30 lr=['0.000259'] val_loss=0.6932
2026-09-16 23:01:57,761 | INFO | Epoch 9/30 | train_loss=0.6935 | train_accuracy=0.5005 | val_loss=0.6932 | val_accuracy=0.4996
[anneal] epoch 9/30 lr=['0.000247'] val_loss=0.6932
2026-09-16 23:05:49,892 | INFO | Epoch 10/30 | train_loss=0.6935 | train_accuracy=0.5004 | val_loss=0.6932 | val_accuracy=0.4996
[anneal] epoch 10/30 lr=['0.000234'] val_loss=0.6932
2026-09-16 23:09:41,832 | INFO | Epoch 11/30 | train_loss=0.6935 | train_accuracy=0.5001 | val_loss=0.6931 | val_accuracy=0.4996
[anneal] epoch 11/30 lr=['0.00022'] val_loss=0.6931
2026-09-16 23:13:34,084 | INFO | Epoch 12/30 | train_loss=0.6934 | train_accuracy=0.5001 | val_loss=0.6932 | val_accuracy=0.4996
[anneal] epoch 12/30 lr=['0.000206'] val_loss=0.6932
2026-09-16 23:17:26,891 | INFO | Epoch 13/30 | train_loss=0.6934 | train_accuracy=0.5012 | val_loss=0.6931 | val_accuracy=0.5004
[anneal] epoch 13/30 lr=['0.00019'] val_loss=0.6931
2026-09-16 23:21:19,186 | INFO | Epoch 14/30 | train_loss=0.6934 | train_accuracy=0.5001 | val_loss=0.6931 | val_accuracy=0.5004
[anneal] epoch 14/30 lr=['0.000174'] val_loss=0.6931
2026-09-16 23:25:11,322 | INFO | Epoch 15/30 | train_loss=0.6934 | train_accuracy=0.4992 | val_loss=0.6931 | val_accuracy=0.4996
[anneal] epoch 15/30 lr=['0.000158'] val_loss=0.6931
2026-09-16 23:29:04,244 | INFO | Epoch 16/30 | train_loss=0.6933 | train_accuracy=0.4993 | val_loss=0.6931 | val_accuracy=0.5004
[anneal] epoch 16/30 lr=['0.000142'] val_loss=0.6931
2026-09-16 23:32:56,042 | INFO | Epoch 17/30 | train_loss=0.6933 | train_accuracy=0.5001 | val_loss=0.6931 | val_accuracy=0.4996
[anneal] epoch 17/30 lr=['0.000126'] val_loss=0.6931
2026-09-16 23:36:47,896 | INFO | Epoch 18/30 | train_loss=0.6933 | train_accuracy=0.5006 | val_loss=0.6931 | val_accuracy=0.5004
[anneal] epoch 18/30 lr=['0.00011'] val_loss=0.6931
2026-09-16 23:40:39,654 | INFO | Epoch 19/30 | train_loss=0.6933 | train_accuracy=0.4997 | val_loss=0.6931 | val_accuracy=0.5004
[anneal] epoch 19/30 lr=['9.45e-05'] val_loss=0.6931
2026-09-16 23:44:31,741 | INFO | Epoch 20/30 | train_loss=0.6933 | train_accuracy=0.4988 | val_loss=0.6932 | val_accuracy=0.4996
[anneal] epoch 20/30 lr=['7.97e-05'] val_loss=0.6932
2026-09-16 23:48:23,815 | INFO | Epoch 21/30 | train_loss=0.6932 | train_accuracy=0.5005 | val_loss=0.6930 | val_accuracy=0.4993
[anneal] epoch 21/30 lr=['6.58e-05'] val_loss=0.6930
2026-09-16 23:52:16,453 | INFO | Epoch 22/30 | train_loss=0.6930 | train_accuracy=0.5036 | val_loss=0.6929 | val_accuracy=0.4999
[anneal] epoch 22/30 lr=['5.29e-05'] val_loss=0.6929
2026-09-16 23:56:08,888 | INFO | Epoch 23/30 | train_loss=0.6929 | train_accuracy=0.5033 | val_loss=0.6928 | val_accuracy=0.5002
[anneal] epoch 23/30 lr=['4.11e-05'] val_loss=0.6928
2026-09-17 00:00:03,412 | INFO | Epoch 24/30 | train_loss=0.6928 | train_accuracy=0.5018 | val_loss=0.6927 | val_accuracy=0.4999
[anneal] epoch 24/30 lr=['3.06e-05'] val_loss=0.6927
2026-09-17 00:03:58,896 | INFO | Epoch 25/30 | train_loss=0.6927 | train_accuracy=0.5039 | val_loss=0.6927 | val_accuracy=0.5000
[anneal] epoch 25/30 lr=['2.15e-05'] val_loss=0.6927
2026-09-17 00:07:52,339 | INFO | Epoch 26/30 | train_loss=0.6927 | train_accuracy=0.5020 | val_loss=0.6927 | val_accuracy=0.4998
[anneal] epoch 26/30 lr=['1.39e-05'] val_loss=0.6927
2026-09-17 00:11:44,779 | INFO | Epoch 27/30 | train_loss=0.6926 | train_accuracy=0.5038 | val_loss=0.6927 | val_accuracy=0.4995
[anneal] epoch 27/30 lr=['7.85e-06'] val_loss=0.6927
2026-09-17 00:15:37,341 | INFO | Epoch 28/30 | train_loss=0.6926 | train_accuracy=0.5042 | val_loss=0.6927 | val_accuracy=0.4993
[anneal] epoch 28/30 lr=['3.51e-06'] val_loss=0.6927
2026-09-17 00:19:29,904 | INFO | Epoch 29/30 | train_loss=0.6926 | train_accuracy=0.5039 | val_loss=0.6927 | val_accuracy=0.4994
[anneal] epoch 29/30 lr=['8.79e-07'] val_loss=0.6927
2026-09-17 00:23:22,591 | INFO | Epoch 30/30 | train_loss=0.6926 | train_accuracy=0.5039 | val_loss=0.6927 | val_accuracy=0.4993
[anneal] epoch 30/30 lr=['0'] val_loss=0.6927
2026-09-17 00:23:22,593 | INFO | Saving checkpoint to /home/ubuntu/datascan/anneal/runs/scratch/sbi_over_bkg/f0030/seed0/last.pt (includes normalizer=True, extra keys=['epoch', 'kind', 'schedulers'])
[anneal] last-epoch weights saved to /home/ubuntu/datascan/anneal/runs/scratch/sbi_over_bkg/f0030/seed0/last.pt
2026-09-17 00:23:22,895 | INFO | Restored best model from epoch 30 based on val_loss=0.6927
2026-09-17 00:23:22,895 | INFO | Training finished
2026-09-17 00:23:22,896 | INFO | Saving checkpoint to /home/ubuntu/datascan/anneal/runs/scratch/sbi_over_bkg/f0030/seed0/final.pt (includes normalizer=True, extra keys=['schedulers'])
2026-09-17 00:23:23,369 | INFO | Starting _collect_predictions
2026-09-17 00:23:23,369 | INFO | Dataset size = 4096
2026-09-17 00:23:23,369 | INFO | Batch size = 1024
2026-09-17 00:23:23,600 | INFO | Finished prediction collection: preds=(4096, 2), indices=(4096,)
[done] scratch/sbi_over_bkg/f0030/seed0: best_epoch=30 val_auc=0.5074 C_ref=1.0022 chi2/ndf=0.17 (123.6 min)
[anneal] scratch/sbi_over_bkg/f0030: 30 epochs, best epoch 30, lr first->last 0.0003 -> 0, schedule finished: True
2026-09-17 00:30:42,392 | INFO | Initializing default EveNet-Lite model from /home/ubuntu/EveNet-Lite/evenet_lite/config/default_network_config.yaml with global_input_dim=3, sequential_input_dim=4
2026-09-17 00:30:42,484 | INFO | Initialized torchmetrics Accuracy with num_classes=2
2026-09-17 00:30:42,484 | INFO | Restoring checkpoint from /home/ubuntu/datascan/anneal/runs/scratch/sbi_over_bkg/f0030/seed0/last.pt
2026-09-17 00:30:42,829 | INFO | Restored normalizer state from checkpoint
2026-09-17 00:30:43,107 | INFO | Starting _collect_predictions
2026-09-17 00:30:43,107 | INFO | Dataset size = 4096
2026-09-17 00:30:43,107 | INFO | Batch size = 1024
2026-09-17 00:30:43,502 | INFO | Finished prediction collection: preds=(4096, 2), indices=(4096,)
[done] scratch_last/sbi_over_bkg/f0030/seed0: epoch 30 val_auc=0.5074 C_ref=1.0022 chi2/ndf=0.17 (7.4 min)
summary: started=8 failed=0
