finished pairs (both classifiers):
     model checkpoint  frac
pretrained       best  0.01
pretrained       best  0.03
pretrained       best  0.10
pretrained        e05  0.01
pretrained        e05  0.03
pretrained        e05  0.10
pretrained        e10  0.01
pretrained        e10  0.03
pretrained        e10  0.10
pretrained        e15  0.01
pretrained        e15  0.03
pretrained        e15  0.10
pretrained        e20  0.01
pretrained        e20  0.03
pretrained        e20  0.10

=== diagonal: 48 toys, calibration C_ref, seed 0 (n_spike: mu_hat within 0.15 of 1; tail_share: share of <r>_B on validation background from r > 30) ===
     model checkpoint  seed  frac_sig  mu_true    bias  mean_width  n_open  n_spike  tail_share  max_r_toys  bce_sb  bce_sbi  best_epoch
pretrained       best     0      0.01      0.4 -0.2448      0.2956       0        0      0.0236     81.9362  0.4537   0.6931           5
pretrained        e05     0      0.01      0.4 -0.3183      0.1312       0        0      0.0236     81.9362  0.4537   0.6948           5
pretrained        e10     0      0.01      0.4 -0.2732      0.2107       0        0      0.0214     63.0049  0.4542   0.6938           5
pretrained        e15     0      0.01      0.4 -0.2658      0.2227       0        0      0.0460     74.4301  0.4564   0.6934           5
pretrained        e20     0      0.01      0.4 -0.2396      0.3017       0        0      0.0386     71.1484  0.4553   0.6931           5
pretrained       best     0      0.03      0.4  0.5798      0.0957       0       47      0.2636   2166.9497  0.4453   0.6927          20
pretrained        e05     0      0.03      0.4 -0.3325      0.0770       0        0      0.0402    287.3633  0.4468   0.6942          20
pretrained        e10     0      0.03      0.4 -0.3370      0.0358      21        2      0.1880   1925.0964  0.4450   0.6937          20
pretrained        e15     0      0.03      0.4  0.5719      0.0901       0       46      0.2702   1873.8603  0.4458   0.6929          20
pretrained        e20     0      0.03      0.4  0.5798      0.0957       0       47      0.2636   2166.9497  0.4453   0.6927          20
pretrained       best     0      0.10      0.4  0.4837      0.2877       0       40      0.0633   1944.4668  0.4358   0.6926           9
pretrained        e05     0      0.10      0.4 -0.2578      0.2220       0        0      0.0014    136.4946  0.4371   0.6937           9
pretrained        e10     0      0.10      0.4  0.5496      0.2035       0       46      0.1043   2347.2930  0.4366   0.6929           9
pretrained        e15     0      0.10      0.4  0.5409      0.1099       0       44      0.1796   2438.5074  0.4364   0.6928           9
pretrained        e20     0      0.10      0.4  0.5435      0.1350       0       45      0.1430   3809.2492  0.4360   0.6926           9
pretrained       best     0      0.01      2.5 -2.5000         NaN      48        0      0.0236     81.9362  0.4537   0.6931           5
pretrained        e05     0      0.01      2.5 -2.5000         NaN      48        0      0.0236     81.9362  0.4537   0.6948           5
pretrained        e10     0      0.01      2.5 -2.5000         NaN      48        0      0.0214     63.0049  0.4542   0.6938           5
pretrained        e15     0      0.01      2.5 -2.5000         NaN      48        0      0.0460     74.4301  0.4564   0.6934           5
pretrained        e20     0      0.01      2.5 -2.5000         NaN      48        0      0.0386     71.1484  0.4553   0.6931           5
pretrained       best     0      0.03      2.5 -2.4997         NaN      48        0      0.2636   2166.9497  0.4453   0.6927          20
pretrained        e05     0      0.03      2.5 -2.5000         NaN      48        0      0.0402    287.3633  0.4468   0.6942          20
pretrained        e10     0      0.03      2.5 -2.5000         NaN      48        0      0.1880   1925.0964  0.4450   0.6937          20
pretrained        e15     0      0.03      2.5 -2.4998         NaN      48        0      0.2702   1873.8603  0.4458   0.6929          20
pretrained        e20     0      0.03      2.5 -2.4997         NaN      48        0      0.2636   2166.9497  0.4453   0.6927          20
pretrained       best     0      0.10      2.5 -0.2612      0.6070       0        0      0.0633   1944.4668  0.4358   0.6926           9
pretrained        e05     0      0.10      2.5 -2.5000         NaN      48        0      0.0014    136.4946  0.4371   0.6937           9
pretrained        e10     0      0.10      2.5 -2.5000         NaN      48        0      0.1043   2347.2930  0.4366   0.6929           9
pretrained        e15     0      0.10      2.5 -2.5000         NaN      48        0      0.1796   2438.5074  0.4364   0.6928           9
pretrained        e20     0      0.10      2.5 -2.4610      0.5522      47        0      0.1430   3809.2492  0.4360   0.6926           9

=== cross: 48 toys, calibration C_ref, seed 0 (n_spike: mu_hat within 0.15 of 1; tail_share: share of <r>_B on validation background from r > 30) ===
     model checkpoint sbi_checkpoint  seed  frac_sig  mu_true    bias  mean_width  n_open  n_spike  tail_share  max_r_toys  bce_sb  bce_sbi  best_epoch
pretrained       best            e20     0      0.01      0.4 -0.2448      0.2956       0        0      0.0236     81.9362  0.4537   0.6931           5
pretrained        e05            e20     0      0.01      0.4 -0.2448      0.2956       0        0      0.0236     81.9362  0.4537   0.6931           5
pretrained        e10            e20     0      0.01      0.4 -0.2311      0.3357       0        0      0.0214     63.0049  0.4542   0.6931           5
pretrained        e15            e20     0      0.01      0.4 -0.2452      0.2885       0        0      0.0460     74.4301  0.4564   0.6931           5
pretrained        e20            e20     0      0.01      0.4 -0.2396      0.3017       0        0      0.0386     71.1484  0.4553   0.6931           5
pretrained       best            e20     0      0.03      0.4  0.5798      0.0957       0       47      0.2636   2166.9497  0.4453   0.6927          20
pretrained        e05            e20     0      0.03      0.4  0.3890      0.4098       0       14      0.0402    287.3633  0.4468   0.6927          20
pretrained        e10            e20     0      0.03      0.4  0.5762      0.1242       0       46      0.1880   1925.0964  0.4450   0.6927          20
pretrained        e15            e20     0      0.03      0.4  0.5809      0.0999       0       48      0.2702   1873.8603  0.4458   0.6927          20
pretrained        e20            e20     0      0.03      0.4  0.5798      0.0957       0       47      0.2636   2166.9497  0.4453   0.6927          20
pretrained       best            e20     0      0.10      0.4  0.4837      0.2877       0       40      0.0633   1944.4668  0.4358   0.6926           9
pretrained        e05            e20     0      0.10      0.4  0.0351      0.8077       0        0      0.0014    136.4946  0.4371   0.6926           9
pretrained        e10            e20     0      0.10      0.4  0.5609      0.2122       0       47      0.1043   2347.2930  0.4366   0.6926           9
pretrained        e15            e20     0      0.10      0.4  0.5599      0.1233       0       44      0.1796   2438.5074  0.4364   0.6926           9
pretrained        e20            e20     0      0.10      0.4  0.5435      0.1350       0       45      0.1430   3809.2492  0.4360   0.6926           9
pretrained       best            e20     0      0.01      2.5 -2.5000         NaN      48        0      0.0236     81.9362  0.4537   0.6931           5
pretrained        e05            e20     0      0.01      2.5 -2.5000         NaN      48        0      0.0236     81.9362  0.4537   0.6931           5
pretrained        e10            e20     0      0.01      2.5 -2.5000         NaN      48        0      0.0214     63.0049  0.4542   0.6931           5
pretrained        e15            e20     0      0.01      2.5 -2.5000         NaN      48        0      0.0460     74.4301  0.4564   0.6931           5
pretrained        e20            e20     0      0.01      2.5 -2.5000         NaN      48        0      0.0386     71.1484  0.4553   0.6931           5
pretrained       best            e20     0      0.03      2.5 -2.4997         NaN      48        0      0.2636   2166.9497  0.4453   0.6927          20
pretrained        e05            e20     0      0.03      2.5 -0.5055      0.6007       5        0      0.0402    287.3633  0.4468   0.6927          20
pretrained        e10            e20     0      0.03      2.5 -2.5000         NaN      48        0      0.1880   1925.0964  0.4450   0.6927          20
pretrained        e15            e20     0      0.03      2.5 -2.5000         NaN      48        0      0.2702   1873.8603  0.4458   0.6927          20
pretrained        e20            e20     0      0.03      2.5 -2.4997         NaN      48        0      0.2636   2166.9497  0.4453   0.6927          20
pretrained       best            e20     0      0.10      2.5 -0.2612      0.6070       0        0      0.0633   1944.4668  0.4358   0.6926           9
pretrained        e05            e20     0      0.10      2.5 -0.0306      0.6379       0        0      0.0014    136.4946  0.4371   0.6926           9
pretrained        e10            e20     0      0.10      2.5 -1.0461      0.6127      15        0      0.1043   2347.2930  0.4366   0.6926           9
pretrained        e15            e20     0      0.10      2.5 -2.5000         NaN      48        0      0.1796   2438.5074  0.4364   0.6926           9
pretrained        e20            e20     0      0.10      2.5 -2.4610      0.5522      47        0      0.1430   3809.2492  0.4360   0.6926           9

=== the scan's early-stopped seed-0 pretrained result (HANDOFF section 3) for comparison ===
   variant  frac_sig  mu_true   bias  mean_width  n_open
pretrained      0.01      0.4  0.531       0.163       0
pretrained      0.03      0.4  0.594       0.119       0
pretrained      0.10      0.4 -0.386       0.032      25
pretrained      0.30      0.4  0.552       0.333       0
pretrained      1.00      0.4  0.056       0.808       0
pretrained      0.01      2.5 -2.077       0.537      37
pretrained      0.03      2.5 -2.500         NaN      48
pretrained      0.10      2.5 -2.500         NaN      48
pretrained      0.30      2.5 -0.224       0.479       0
pretrained      1.00      2.5 -0.173       0.582       0
MEASURE_A_EXIT=0
