pairs measured: 100 in 1654 s

=== pretrained mu_true=0.4: bias_mean (rows frac_sig, cols frac_sbi) ===
frac_sbi  0.01  0.03  0.10  0.30  1.00
frac_sig                              
0.01      0.53  0.57 -0.38  0.57  0.55
0.03      0.59  0.59 -0.40  0.59  0.58
0.10      0.54  0.57 -0.39  0.56  0.55
0.30      0.50  0.56 -0.38  0.55  0.51
1.00     -0.01 -0.01 -0.34  0.03  0.06
   n_open_max:
frac_sbi  0.01  0.03  0.10  0.30  1.00
frac_sig                              
0.01         0     0    23     0     0
0.03         0     0    42     0     0
0.10         0     0    25     0     0
0.30         0     0    21     0     0
1.00         0     0     0     0     0

=== pretrained mu_true=2.5: bias_mean (rows frac_sig, cols frac_sbi) ===
frac_sbi  0.01  0.03  0.10  0.30  1.00
frac_sig                              
0.01     -2.08 -2.46  -2.5 -2.46 -2.34
0.03     -2.50 -2.50  -2.5 -2.50 -2.50
0.10     -1.41 -1.92  -2.5 -2.06 -1.41
0.30     -0.32 -0.20  -2.5 -0.22 -0.29
1.00     -0.21 -0.06  -2.5 -0.09 -0.17
   n_open_max:
frac_sbi  0.01  0.03  0.10  0.30  1.00
frac_sig                              
0.01        37    47    48    47    44
0.03        48    48    48    48    48
0.10        21    35    48    38    22
0.30         0     0    48     0     0
1.00         0     0    48     0     0

=== scratch mu_true=0.4: bias_mean (rows frac_sig, cols frac_sbi) ===
frac_sbi  0.01  0.03  0.10  0.30  1.00
frac_sig                              
0.01      0.20  0.13  0.32  0.24  0.37
0.03     -0.06 -0.04 -0.03  0.00 -0.03
0.10     -0.10 -0.05 -0.10 -0.06 -0.09
0.30     -0.05 -0.03 -0.05 -0.02 -0.04
1.00     -0.11 -0.06 -0.13 -0.08 -0.12
   n_open_max:
frac_sbi  0.01  0.03  0.10  0.30  1.00
frac_sig                              
0.01         0     0     0     0     0
0.03         0     0     0     0     0
0.10         0     0     0     0     0
0.30         0     0     0     0     0
1.00         0     0     0     0     0

=== scratch mu_true=2.5: bias_mean (rows frac_sig, cols frac_sbi) ===
frac_sbi  0.01  0.03  0.10  0.30  1.00
frac_sig                              
0.01     -1.29 -0.81 -1.51 -0.94 -1.71
0.03     -0.28 -0.55 -0.10 -0.25 -0.05
0.10     -0.38 -0.62 -0.20 -0.34 -0.17
0.30     -0.32 -0.58 -0.13 -0.27 -0.09
1.00     -0.39 -0.63 -0.21 -0.35 -0.18
   n_open_max:
frac_sbi  0.01  0.03  0.10  0.30  1.00
frac_sig                              
0.01        17     0    24     8    29
0.03         0     0     0     0     0
0.10         0     0     0     0     0
0.30         0     0     0     0     0
1.00         0     0     0     0     0
