root /home/ubuntu/datascan
budget: 2000 steps/epoch x max 50 epochs, patience 5, num_workers 0, wandb None, tf32 False, bf16 False
/opt/pytorch/lib/python3.13/site-packages/torch/cuda/__init__.py:64: FutureWarning: The pynvml package is deprecated. Please install nvidia-ml-py instead. If you did not install pynvml directly, please report this to the maintainers of the package that installed pynvml for you.
  import pynvml  # type: ignore[import]
tier tier2: 12 runs -> pending=12
2026-09-12 18:29:18,903 | INFO | Initializing default EveNet-Lite model from /home/ubuntu/EveNet-Lite/evenet_lite/config/default_network_config.yaml with global_input_dim=3, sequential_input_dim=4
2026-09-12 18:29:20,953 | INFO | Initialized torchmetrics Accuracy with num_classes=2
2026-09-12 18:29:21,011 | INFO | Fitted normalizer with features: {'x': ['pt', 'energy', 'eta', 'phi'], 'globals': ['m4l', 'sum_pt', 'sum_energy']}
2026-09-12 18:29:21,012 | INFO | Normalization plan:
+---------------+--------------+-------------------+-------------+----------+
| Feature Group | Feature Name | Rule              | Mean        | Std      |
+===============+==============+===================+=============+==========+
| x             | pt           | log_normalize     | 3.98544     | 0.678853 |
|               | energy       | log_normalize     | 4.42597     | 0.737328 |
|               | eta          | normalize         | -0.00448623 | 1.09788  |
|               | phi          | normalize_uniform | -0.00397098 | 1.81522  |
| globals       | m4l          | log_normalize     | 5.72218     | 0.397629 |
|               | sum_pt       | log_normalize     | 5.49003     | 0.441928 |
|               | sum_energy   | log_normalize     | 5.97339     | 0.452458 |
+---------------+--------------+-------------------+-------------+----------+
2026-09-12 18:29:21,012 | INFO | Training setup: epochs=50, batch_size=512, world_size=1, device=cuda
2026-09-12 18:29:21,012 | INFO | Train loader: size=34771, steps_per_epoch=2000, sampler=DistributedWeightedSampler, epoch_size=1024000, replacement=True
2026-09-12 18:29:21,013 | INFO | Class distribution for train -> bkg: count=22632 (frac=0.651), weight_sum=1.000 (frac=0.500) | sig: count=12139 (frac=0.349), weight_sum=1.000 (frac=0.500)
2026-09-12 18:29:21,013 | INFO | Val loader: size=262144, steps_per_epoch=512, sampler=None (shuffled)
2026-09-12 18:29:21,015 | INFO | Class distribution for val -> bkg: count=170468 (frac=0.650), weight_sum=0.302 (frac=0.501) | sig: count=91676 (frac=0.350), weight_sum=0.301 (frac=0.499)
2026-09-12 18:35:31,409 | INFO | Epoch 1/50 | train_loss=0.4037 | train_accuracy=0.8287 | val_loss=0.4859 | val_accuracy=0.7634
2026-09-12 18:41:44,882 | INFO | Epoch 2/50 | train_loss=0.2328 | train_accuracy=0.9105 | val_loss=0.7971 | val_accuracy=0.7616
2026-09-12 18:47:58,548 | INFO | Epoch 3/50 | train_loss=0.1249 | train_accuracy=0.9544 | val_loss=1.0012 | val_accuracy=0.7585
2026-09-12 18:57:15,144 | INFO | Epoch 4/50 | train_loss=0.0782 | train_accuracy=0.9721 | val_loss=1.1207 | val_accuracy=0.7575
2026-09-12 19:05:23,655 | INFO | Epoch 5/50 | train_loss=0.0552 | train_accuracy=0.9805 | val_loss=1.1365 | val_accuracy=0.7620
2026-09-12 19:11:36,045 | INFO | Epoch 6/50 | train_loss=0.0422 | train_accuracy=0.9852 | val_loss=1.2531 | val_accuracy=0.7576
2026-09-12 19:11:36,046 | INFO | Early stopping triggered after 5 epochs without improvement on val_loss
2026-09-12 19:11:36,138 | INFO | Restored best model from epoch 1 based on val_loss=0.4859
2026-09-12 19:11:36,138 | INFO | Training finished
2026-09-12 19:11:36,139 | INFO | Saving checkpoint to /home/ubuntu/datascan/runs/scratch/sig_over_bkg/f0010/seed1/final.pt (includes normalizer=True, extra keys=['schedulers'])
2026-09-12 19:11:36,637 | INFO | Starting _collect_predictions
2026-09-12 19:11:36,638 | INFO | Dataset size = 4096
2026-09-12 19:11:36,638 | INFO | Batch size = 1024
2026-09-12 19:11:37,169 | INFO | Finished prediction collection: preds=(4096, 2), indices=(4096,)
[done] scratch/sig_over_bkg/f0010/seed1: best_epoch=1 val_auc=0.8521 C_ref=0.8216 chi2/ndf=54.43 (53.3 min)
2026-09-12 19:22:36,032 | INFO | Initializing default EveNet-Lite model from /home/ubuntu/EveNet-Lite/evenet_lite/config/default_network_config.yaml with global_input_dim=3, sequential_input_dim=4
2026-09-12 19:22:36,317 | INFO | Initialized torchmetrics Accuracy with num_classes=2
2026-09-12 19:22:36,440 | INFO | Fitted normalizer with features: {'x': ['pt', 'energy', 'eta', 'phi'], 'globals': ['m4l', 'sum_pt', 'sum_energy']}
2026-09-12 19:22:36,440 | INFO | Normalization plan:
+---------------+--------------+-------------------+------------+----------+
| Feature Group | Feature Name | Rule              | Mean       | Std      |
+===============+==============+===================+============+==========+
| x             | pt           | log_normalize     | 3.81272    | 0.531165 |
|               | energy       | log_normalize     | 4.2613     | 0.627255 |
|               | eta          | normalize         | 0.00197152 | 1.11083  |
|               | phi          | normalize_uniform | 0.00308708 | 1.81598  |
| globals       | m4l          | log_normalize     | 5.52689    | 0.259024 |
|               | sum_pt       | log_normalize     | 5.27819    | 0.29566  |
|               | sum_energy   | log_normalize     | 5.77618    | 0.35524  |
+---------------+--------------+-------------------+------------+----------+
2026-09-12 19:22:36,440 | INFO | Training setup: epochs=50, batch_size=512, world_size=1, device=cuda
2026-09-12 19:22:36,440 | INFO | Train loader: size=46102, steps_per_epoch=2000, sampler=DistributedWeightedSampler, epoch_size=1024000, replacement=True
2026-09-12 19:22:36,441 | INFO | Class distribution for train -> bkg: count=23051 (frac=0.500), weight_sum=1.000 (frac=0.500) | sig: count=23051 (frac=0.500), weight_sum=1.000 (frac=0.500)
2026-09-12 19:22:36,442 | INFO | Val loader: size=262144, steps_per_epoch=512, sampler=None (shuffled)
2026-09-12 19:22:36,444 | INFO | Class distribution for val -> bkg: count=130957 (frac=0.500), weight_sum=0.227 (frac=0.500) | sig: count=131187 (frac=0.500), weight_sum=0.227 (frac=0.500)
2026-09-12 19:28:50,709 | INFO | Epoch 1/50 | train_loss=0.6978 | train_accuracy=0.5017 | val_loss=0.6936 | val_accuracy=0.5000
2026-09-12 19:35:04,678 | INFO | Epoch 2/50 | train_loss=0.6944 | train_accuracy=0.5022 | val_loss=0.6927 | val_accuracy=0.4999
2026-09-12 19:41:19,395 | INFO | Epoch 3/50 | train_loss=0.6938 | train_accuracy=0.5031 | val_loss=0.6934 | val_accuracy=0.4996
2026-09-12 19:47:34,741 | INFO | Epoch 4/50 | train_loss=0.6937 | train_accuracy=0.5016 | val_loss=0.6934 | val_accuracy=0.5003
2026-09-12 19:53:49,447 | INFO | Epoch 5/50 | train_loss=0.6935 | train_accuracy=0.5018 | val_loss=0.6930 | val_accuracy=0.5003
2026-09-12 20:04:18,714 | INFO | Epoch 6/50 | train_loss=0.6935 | train_accuracy=0.5022 | val_loss=0.6930 | val_accuracy=0.4999
2026-09-12 20:16:58,973 | INFO | Epoch 7/50 | train_loss=0.6934 | train_accuracy=0.5025 | val_loss=0.6929 | val_accuracy=0.4990
2026-09-12 20:16:58,976 | INFO | Early stopping triggered after 5 epochs without improvement on val_loss
2026-09-12 20:17:00,191 | INFO | Restored best model from epoch 2 based on val_loss=0.6927
2026-09-12 20:17:00,191 | INFO | Training finished
2026-09-12 20:17:00,192 | INFO | Saving checkpoint to /home/ubuntu/datascan/runs/scratch/sbi_over_bkg/f0010/seed1/final.pt (includes normalizer=True, extra keys=['schedulers'])
2026-09-12 20:17:01,029 | INFO | Starting _collect_predictions
2026-09-12 20:17:01,029 | INFO | Dataset size = 4096
2026-09-12 20:17:01,029 | INFO | Batch size = 1024
2026-09-12 20:17:01,841 | INFO | Finished prediction collection: preds=(4096, 2), indices=(4096,)
[done] scratch/sbi_over_bkg/f0010/seed1: best_epoch=2 val_auc=0.5045 C_ref=0.9936 chi2/ndf=0.93 (73.1 min)
2026-09-12 20:35:43,367 | INFO | Initializing default EveNet-Lite model from /home/ubuntu/EveNet-Lite/evenet_lite/config/default_network_config.yaml with global_input_dim=3, sequential_input_dim=4
2026-09-12 20:35:43,628 | INFO | Initialized torchmetrics Accuracy with num_classes=2
2026-09-12 20:35:44,906 | INFO | Fitted normalizer with features: {'x': ['pt', 'energy', 'eta', 'phi'], 'globals': ['m4l', 'sum_pt', 'sum_energy']}
2026-09-12 20:35:44,906 | INFO | Normalization plan:
+---------------+--------------+-------------------+--------------+----------+
| Feature Group | Feature Name | Rule              | Mean         | Std      |
+===============+==============+===================+==============+==========+
| x             | pt           | log_normalize     | 3.98661      | 0.679426 |
|               | energy       | log_normalize     | 4.4266       | 0.738096 |
|               | eta          | normalize         | -0.000952979 | 1.09738  |
|               | phi          | normalize_uniform | 0.00285176   | 1.81333  |
| globals       | m4l          | log_normalize     | 5.7229       | 0.400696 |
|               | sum_pt       | log_normalize     | 5.49082      | 0.443461 |
|               | sum_energy   | log_normalize     | 5.97363      | 0.454828 |
+---------------+--------------+-------------------+--------------+----------+
2026-09-12 20:35:44,906 | INFO | Training setup: epochs=50, batch_size=512, world_size=1, device=cuda
2026-09-12 20:35:44,906 | INFO | Train loader: size=34771, steps_per_epoch=2000, sampler=DistributedWeightedSampler, epoch_size=1024000, replacement=True
2026-09-12 20:35:44,907 | INFO | Class distribution for train -> bkg: count=22632 (frac=0.651), weight_sum=1.000 (frac=0.500) | sig: count=12139 (frac=0.349), weight_sum=1.000 (frac=0.500)
2026-09-12 20:35:44,907 | INFO | Val loader: size=262144, steps_per_epoch=512, sampler=None (shuffled)
2026-09-12 20:35:44,909 | INFO | Class distribution for val -> bkg: count=170468 (frac=0.650), weight_sum=0.302 (frac=0.501) | sig: count=91676 (frac=0.350), weight_sum=0.301 (frac=0.499)
2026-09-12 20:47:07,496 | INFO | Epoch 1/50 | train_loss=0.3921 | train_accuracy=0.8361 | val_loss=0.4989 | val_accuracy=0.7423
2026-09-12 20:56:04,423 | INFO | Epoch 2/50 | train_loss=0.2324 | train_accuracy=0.9123 | val_loss=0.7422 | val_accuracy=0.7738
2026-09-12 21:03:45,244 | INFO | Epoch 3/50 | train_loss=0.1309 | train_accuracy=0.9538 | val_loss=0.8676 | val_accuracy=0.7556
2026-09-12 21:11:27,614 | INFO | Epoch 4/50 | train_loss=0.0851 | train_accuracy=0.9708 | val_loss=1.0140 | val_accuracy=0.7565
2026-09-12 21:19:07,275 | INFO | Epoch 5/50 | train_loss=0.0601 | train_accuracy=0.9793 | val_loss=1.1155 | val_accuracy=0.7668
2026-09-12 21:26:49,976 | INFO | Epoch 6/50 | train_loss=0.0454 | train_accuracy=0.9843 | val_loss=1.1891 | val_accuracy=0.7596
2026-09-12 21:26:49,976 | INFO | Early stopping triggered after 5 epochs without improvement on val_loss
2026-09-12 21:26:50,124 | INFO | Restored best model from epoch 1 based on val_loss=0.4989
2026-09-12 21:26:50,124 | INFO | Training finished
2026-09-12 21:26:50,125 | INFO | Saving checkpoint to /home/ubuntu/datascan/runs/scratch/sig_over_bkg/f0010/seed2/final.pt (includes normalizer=True, extra keys=['schedulers'])
2026-09-12 21:26:50,765 | INFO | Starting _collect_predictions
2026-09-12 21:26:50,765 | INFO | Dataset size = 4096
2026-09-12 21:26:50,765 | INFO | Batch size = 1024
2026-09-12 21:26:51,370 | INFO | Finished prediction collection: preds=(4096, 2), indices=(4096,)
[done] scratch/sig_over_bkg/f0010/seed2: best_epoch=1 val_auc=0.8534 C_ref=0.6263 chi2/ndf=46.46 (63.8 min)
2026-09-12 21:39:31,889 | INFO | Initializing default EveNet-Lite model from /home/ubuntu/EveNet-Lite/evenet_lite/config/default_network_config.yaml with global_input_dim=3, sequential_input_dim=4
2026-09-12 21:39:32,155 | INFO | Initialized torchmetrics Accuracy with num_classes=2
2026-09-12 21:39:32,386 | INFO | Fitted normalizer with features: {'x': ['pt', 'energy', 'eta', 'phi'], 'globals': ['m4l', 'sum_pt', 'sum_energy']}
2026-09-12 21:39:32,386 | INFO | Normalization plan:
+---------------+--------------+-------------------+--------------+----------+
| Feature Group | Feature Name | Rule              | Mean         | Std      |
+===============+==============+===================+==============+==========+
| x             | pt           | log_normalize     | 3.81196      | 0.532761 |
|               | energy       | log_normalize     | 4.2623       | 0.627225 |
|               | eta          | normalize         | -5.08122e-05 | 1.1127   |
|               | phi          | normalize_uniform | 0.000953318  | 1.81388  |
| globals       | m4l          | log_normalize     | 5.52847      | 0.262585 |
|               | sum_pt       | log_normalize     | 5.27762      | 0.298445 |
|               | sum_energy   | log_normalize     | 5.77656      | 0.359552 |
+---------------+--------------+-------------------+--------------+----------+
2026-09-12 21:39:32,386 | INFO | Training setup: epochs=50, batch_size=512, world_size=1, device=cuda
2026-09-12 21:39:32,386 | INFO | Train loader: size=46102, steps_per_epoch=2000, sampler=DistributedWeightedSampler, epoch_size=1024000, replacement=True
2026-09-12 21:39:32,387 | INFO | Class distribution for train -> bkg: count=23051 (frac=0.500), weight_sum=1.000 (frac=0.500) | sig: count=23051 (frac=0.500), weight_sum=1.000 (frac=0.500)
2026-09-12 21:39:32,387 | INFO | Val loader: size=262144, steps_per_epoch=512, sampler=None (shuffled)
2026-09-12 21:39:32,389 | INFO | Class distribution for val -> bkg: count=130957 (frac=0.500), weight_sum=0.227 (frac=0.500) | sig: count=131187 (frac=0.500), weight_sum=0.227 (frac=0.500)
2026-09-12 21:49:12,429 | INFO | Epoch 1/50 | train_loss=0.6973 | train_accuracy=0.5027 | val_loss=0.6932 | val_accuracy=0.5004
2026-09-12 21:58:08,834 | INFO | Epoch 2/50 | train_loss=0.6943 | train_accuracy=0.5023 | val_loss=0.6929 | val_accuracy=0.5002
2026-09-12 22:05:48,204 | INFO | Epoch 3/50 | train_loss=0.6938 | train_accuracy=0.5019 | val_loss=0.6932 | val_accuracy=0.4997
2026-09-12 22:13:28,444 | INFO | Epoch 4/50 | train_loss=0.6938 | train_accuracy=0.5006 | val_loss=0.6933 | val_accuracy=0.5004
2026-09-12 22:21:10,586 | INFO | Epoch 5/50 | train_loss=0.6937 | train_accuracy=0.5009 | val_loss=0.6929 | val_accuracy=0.5003
2026-09-12 22:28:52,312 | INFO | Epoch 6/50 | train_loss=0.6935 | train_accuracy=0.5014 | val_loss=0.6935 | val_accuracy=0.4998
2026-09-12 22:36:35,268 | INFO | Epoch 7/50 | train_loss=0.6936 | train_accuracy=0.5003 | val_loss=0.6932 | val_accuracy=0.4996
2026-09-12 22:36:35,269 | INFO | Early stopping triggered after 5 epochs without improvement on val_loss
2026-09-12 22:36:35,493 | INFO | Restored best model from epoch 2 based on val_loss=0.6929
2026-09-12 22:36:35,493 | INFO | Training finished
2026-09-12 22:36:35,494 | INFO | Saving checkpoint to /home/ubuntu/datascan/runs/scratch/sbi_over_bkg/f0010/seed2/final.pt (includes normalizer=True, extra keys=['schedulers'])
2026-09-12 22:36:36,148 | INFO | Starting _collect_predictions
2026-09-12 22:36:36,148 | INFO | Dataset size = 4096
2026-09-12 22:36:36,148 | INFO | Batch size = 1024
2026-09-12 22:36:36,575 | INFO | Finished prediction collection: preds=(4096, 2), indices=(4096,)
[done] scratch/sbi_over_bkg/f0010/seed2: best_epoch=2 val_auc=0.5038 C_ref=0.9747 chi2/ndf=3.73 (69.3 min)
2026-09-12 22:48:47,568 | INFO | Initializing default EveNet-Lite model from /home/ubuntu/EveNet-Lite/evenet_lite/config/default_network_config.yaml with global_input_dim=3, sequential_input_dim=4
2026-09-12 22:48:47,800 | INFO | Initialized torchmetrics Accuracy with num_classes=2
2026-09-12 22:48:47,978 | INFO | Fitted normalizer with features: {'x': ['pt', 'energy', 'eta', 'phi'], 'globals': ['m4l', 'sum_pt', 'sum_energy']}
2026-09-12 22:48:47,978 | INFO | Normalization plan:
+---------------+--------------+-------------------+-------------+----------+
| Feature Group | Feature Name | Rule              | Mean        | Std      |
+===============+==============+===================+=============+==========+
| x             | pt           | log_normalize     | 3.98688     | 0.679046 |
|               | energy       | log_normalize     | 4.42706     | 0.737966 |
|               | eta          | normalize         | -0.0037315  | 1.09761  |
|               | phi          | normalize_uniform | -0.00183982 | 1.81454  |
| globals       | m4l          | log_normalize     | 5.72308     | 0.398585 |
|               | sum_pt       | log_normalize     | 5.49135     | 0.442795 |
|               | sum_energy   | log_normalize     | 5.97417     | 0.45442  |
+---------------+--------------+-------------------+-------------+----------+
2026-09-12 22:48:47,978 | INFO | Training setup: epochs=50, batch_size=512, world_size=1, device=cuda
2026-09-12 22:48:47,978 | INFO | Train loader: size=104313, steps_per_epoch=2000, sampler=DistributedWeightedSampler, epoch_size=1024000, replacement=True
2026-09-12 22:48:47,979 | INFO | Class distribution for train -> bkg: count=67896 (frac=0.651), weight_sum=1.000 (frac=0.500) | sig: count=36417 (frac=0.349), weight_sum=1.000 (frac=0.500)
2026-09-12 22:48:47,979 | INFO | Val loader: size=262144, steps_per_epoch=512, sampler=None (shuffled)
2026-09-12 22:48:47,981 | INFO | Class distribution for val -> bkg: count=170468 (frac=0.650), weight_sum=0.302 (frac=0.501) | sig: count=91676 (frac=0.350), weight_sum=0.301 (frac=0.499)
2026-09-12 22:56:28,720 | INFO | Epoch 1/50 | train_loss=0.4317 | train_accuracy=0.8156 | val_loss=0.4242 | val_accuracy=0.7616
2026-09-12 23:04:10,415 | INFO | Epoch 2/50 | train_loss=0.4004 | train_accuracy=0.8294 | val_loss=0.4364 | val_accuracy=0.7514
2026-09-12 23:11:53,216 | INFO | Epoch 3/50 | train_loss=0.3494 | train_accuracy=0.8550 | val_loss=0.4651 | val_accuracy=0.7742
2026-09-12 23:19:33,692 | INFO | Epoch 4/50 | train_loss=0.2920 | train_accuracy=0.8827 | val_loss=0.5594 | val_accuracy=0.7665
2026-09-12 23:27:11,778 | INFO | Epoch 5/50 | train_loss=0.2447 | train_accuracy=0.9042 | val_loss=0.6547 | val_accuracy=0.7619
2026-09-12 23:34:54,387 | INFO | Epoch 6/50 | train_loss=0.2059 | train_accuracy=0.9208 | val_loss=0.7029 | val_accuracy=0.7669
2026-09-12 23:34:54,389 | INFO | Early stopping triggered after 5 epochs without improvement on val_loss
2026-09-12 23:34:54,547 | INFO | Restored best model from epoch 1 based on val_loss=0.4242
2026-09-12 23:34:54,547 | INFO | Training finished
2026-09-12 23:34:54,548 | INFO | Saving checkpoint to /home/ubuntu/datascan/runs/scratch/sig_over_bkg/f0030/seed1/final.pt (includes normalizer=True, extra keys=['schedulers'])
2026-09-12 23:34:55,201 | INFO | Starting _collect_predictions
2026-09-12 23:34:55,201 | INFO | Dataset size = 4096
2026-09-12 23:34:55,201 | INFO | Batch size = 1024
2026-09-12 23:34:55,624 | INFO | Finished prediction collection: preds=(4096, 2), indices=(4096,)
[done] scratch/sig_over_bkg/f0030/seed1: best_epoch=1 val_auc=0.8776 C_ref=0.9068 chi2/ndf=5.47 (58.7 min)
2026-09-12 23:47:32,296 | INFO | Initializing default EveNet-Lite model from /home/ubuntu/EveNet-Lite/evenet_lite/config/default_network_config.yaml with global_input_dim=3, sequential_input_dim=4
2026-09-12 23:47:32,579 | INFO | Initialized torchmetrics Accuracy with num_classes=2
2026-09-12 23:47:32,708 | INFO | Fitted normalizer with features: {'x': ['pt', 'energy', 'eta', 'phi'], 'globals': ['m4l', 'sum_pt', 'sum_energy']}
2026-09-12 23:47:32,708 | INFO | Normalization plan:
+---------------+--------------+-------------------+------------+----------+
| Feature Group | Feature Name | Rule              | Mean       | Std      |
+===============+==============+===================+============+==========+
| x             | pt           | log_normalize     | 3.81118    | 0.530848 |
|               | energy       | log_normalize     | 4.26151    | 0.626424 |
|               | eta          | normalize         | -0.001067  | 1.11311  |
|               | phi          | normalize_uniform | 0.00398411 | 1.81397  |
| globals       | m4l          | log_normalize     | 5.52626    | 0.258745 |
|               | sum_pt       | log_normalize     | 5.2765     | 0.295675 |
|               | sum_energy   | log_normalize     | 5.77604    | 0.355555 |
+---------------+--------------+-------------------+------------+----------+
2026-09-12 23:47:32,708 | INFO | Training setup: epochs=50, batch_size=512, world_size=1, device=cuda
2026-09-12 23:47:32,708 | INFO | Train loader: size=138304, steps_per_epoch=2000, sampler=DistributedWeightedSampler, epoch_size=1024000, replacement=True
2026-09-12 23:47:32,710 | INFO | Class distribution for train -> bkg: count=69152 (frac=0.500), weight_sum=1.000 (frac=0.500) | sig: count=69152 (frac=0.500), weight_sum=1.000 (frac=0.500)
2026-09-12 23:47:32,710 | INFO | Val loader: size=262144, steps_per_epoch=512, sampler=None (shuffled)
2026-09-12 23:47:32,712 | INFO | Class distribution for val -> bkg: count=130957 (frac=0.500), weight_sum=0.227 (frac=0.500) | sig: count=131187 (frac=0.500), weight_sum=0.227 (frac=0.500)
2026-09-12 23:55:16,197 | INFO | Epoch 1/50 | train_loss=0.6978 | train_accuracy=0.5018 | val_loss=0.6949 | val_accuracy=0.5003
2026-09-13 00:05:35,010 | INFO | Epoch 2/50 | train_loss=0.6944 | train_accuracy=0.5026 | val_loss=0.6927 | val_accuracy=0.4996
2026-09-13 00:13:52,484 | INFO | Epoch 3/50 | train_loss=0.6938 | train_accuracy=0.5028 | val_loss=0.6930 | val_accuracy=0.4998
2026-09-13 00:21:32,593 | INFO | Epoch 4/50 | train_loss=0.6937 | train_accuracy=0.5018 | val_loss=0.6943 | val_accuracy=0.5004
2026-09-13 00:29:12,664 | INFO | Epoch 5/50 | train_loss=0.6937 | train_accuracy=0.5013 | val_loss=0.6932 | val_accuracy=0.5001
2026-09-13 00:36:54,750 | INFO | Epoch 6/50 | train_loss=0.6936 | train_accuracy=0.5018 | val_loss=0.6930 | val_accuracy=0.5002
2026-09-13 00:44:34,863 | INFO | Epoch 7/50 | train_loss=0.6935 | train_accuracy=0.5012 | val_loss=0.6930 | val_accuracy=0.4988
2026-09-13 00:44:34,865 | INFO | Early stopping triggered after 5 epochs without improvement on val_loss
2026-09-13 00:44:35,014 | INFO | Restored best model from epoch 2 based on val_loss=0.6927
2026-09-13 00:44:35,014 | INFO | Training finished
2026-09-13 00:44:35,015 | INFO | Saving checkpoint to /home/ubuntu/datascan/runs/scratch/sbi_over_bkg/f0030/seed1/final.pt (includes normalizer=True, extra keys=['schedulers'])
2026-09-13 00:44:35,663 | INFO | Starting _collect_predictions
2026-09-13 00:44:35,663 | INFO | Dataset size = 4096
2026-09-13 00:44:35,663 | INFO | Batch size = 1024
2026-09-13 00:44:36,090 | INFO | Finished prediction collection: preds=(4096, 2), indices=(4096,)
[done] scratch/sbi_over_bkg/f0030/seed1: best_epoch=2 val_auc=0.5025 C_ref=1.0094 chi2/ndf=1.35 (69.2 min)
2026-09-13 00:56:43,925 | INFO | Initializing default EveNet-Lite model from /home/ubuntu/EveNet-Lite/evenet_lite/config/default_network_config.yaml with global_input_dim=3, sequential_input_dim=4
2026-09-13 00:56:44,155 | INFO | Initialized torchmetrics Accuracy with num_classes=2
2026-09-13 00:56:44,305 | INFO | Fitted normalizer with features: {'x': ['pt', 'energy', 'eta', 'phi'], 'globals': ['m4l', 'sum_pt', 'sum_energy']}
2026-09-13 00:56:44,305 | INFO | Normalization plan:
+---------------+--------------+-------------------+-------------+----------+
| Feature Group | Feature Name | Rule              | Mean        | Std      |
+===============+==============+===================+=============+==========+
| x             | pt           | log_normalize     | 3.98659     | 0.679754 |
|               | energy       | log_normalize     | 4.42701     | 0.73893  |
|               | eta          | normalize         | 0.000670163 | 1.09827  |
|               | phi          | normalize_uniform | 0.00315391  | 1.81378  |
| globals       | m4l          | log_normalize     | 5.72276     | 0.400137 |
|               | sum_pt       | log_normalize     | 5.49066     | 0.444666 |
|               | sum_energy   | log_normalize     | 5.97408     | 0.456093 |
+---------------+--------------+-------------------+-------------+----------+
2026-09-13 00:56:44,305 | INFO | Training setup: epochs=50, batch_size=512, world_size=1, device=cuda
2026-09-13 00:56:44,305 | INFO | Train loader: size=104313, steps_per_epoch=2000, sampler=DistributedWeightedSampler, epoch_size=1024000, replacement=True
2026-09-13 00:56:44,307 | INFO | Class distribution for train -> bkg: count=67896 (frac=0.651), weight_sum=1.000 (frac=0.500) | sig: count=36417 (frac=0.349), weight_sum=1.000 (frac=0.500)
2026-09-13 00:56:44,307 | INFO | Val loader: size=262144, steps_per_epoch=512, sampler=None (shuffled)
2026-09-13 00:56:44,309 | INFO | Class distribution for val -> bkg: count=170468 (frac=0.650), weight_sum=0.302 (frac=0.501) | sig: count=91676 (frac=0.350), weight_sum=0.301 (frac=0.499)
2026-09-13 01:07:06,327 | INFO | Epoch 1/50 | train_loss=0.4233 | train_accuracy=0.8213 | val_loss=0.4073 | val_accuracy=0.7762
2026-09-13 01:15:31,355 | INFO | Epoch 2/50 | train_loss=0.3932 | train_accuracy=0.8337 | val_loss=0.4431 | val_accuracy=0.7623
2026-09-13 01:23:12,349 | INFO | Epoch 3/50 | train_loss=0.3487 | train_accuracy=0.8563 | val_loss=0.4759 | val_accuracy=0.7619
2026-09-13 01:30:54,875 | INFO | Epoch 4/50 | train_loss=0.2980 | train_accuracy=0.8812 | val_loss=0.5168 | val_accuracy=0.7628
2026-09-13 01:38:36,911 | INFO | Epoch 5/50 | train_loss=0.2530 | train_accuracy=0.9015 | val_loss=0.6127 | val_accuracy=0.7671
2026-09-13 01:46:19,993 | INFO | Epoch 6/50 | train_loss=0.2144 | train_accuracy=0.9180 | val_loss=0.6210 | val_accuracy=0.7636
2026-09-13 01:46:19,995 | INFO | Early stopping triggered after 5 epochs without improvement on val_loss
2026-09-13 01:46:20,169 | INFO | Restored best model from epoch 1 based on val_loss=0.4073
2026-09-13 01:46:20,169 | INFO | Training finished
2026-09-13 01:46:20,170 | INFO | Saving checkpoint to /home/ubuntu/datascan/runs/scratch/sig_over_bkg/f0030/seed2/final.pt (includes normalizer=True, extra keys=['schedulers'])
2026-09-13 01:46:20,823 | INFO | Starting _collect_predictions
2026-09-13 01:46:20,823 | INFO | Dataset size = 4096
2026-09-13 01:46:20,823 | INFO | Batch size = 1024
2026-09-13 01:46:21,243 | INFO | Finished prediction collection: preds=(4096, 2), indices=(4096,)
[done] scratch/sig_over_bkg/f0030/seed2: best_epoch=1 val_auc=0.8786 C_ref=1.1135 chi2/ndf=50.33 (62.2 min)
2026-09-13 01:58:58,308 | INFO | Initializing default EveNet-Lite model from /home/ubuntu/EveNet-Lite/evenet_lite/config/default_network_config.yaml with global_input_dim=3, sequential_input_dim=4
2026-09-13 01:58:58,597 | INFO | Initialized torchmetrics Accuracy with num_classes=2
2026-09-13 01:58:58,676 | INFO | Fitted normalizer with features: {'x': ['pt', 'energy', 'eta', 'phi'], 'globals': ['m4l', 'sum_pt', 'sum_energy']}
2026-09-13 01:58:58,677 | INFO | Normalization plan:
+---------------+--------------+-------------------+-------------+----------+
| Feature Group | Feature Name | Rule              | Mean        | Std      |
+===============+==============+===================+=============+==========+
| x             | pt           | log_normalize     | 3.81204     | 0.532222 |
|               | energy       | log_normalize     | 4.26276     | 0.626673 |
|               | eta          | normalize         | 4.17593e-05 | 1.1134   |
|               | phi          | normalize_uniform | 0.000649553 | 1.8127   |
| globals       | m4l          | log_normalize     | 5.52846     | 0.261735 |
|               | sum_pt       | log_normalize     | 5.27755     | 0.298222 |
|               | sum_energy   | log_normalize     | 5.77693     | 0.357983 |
+---------------+--------------+-------------------+-------------+----------+
2026-09-13 01:58:58,677 | INFO | Training setup: epochs=50, batch_size=512, world_size=1, device=cuda
2026-09-13 01:58:58,677 | INFO | Train loader: size=138304, steps_per_epoch=2000, sampler=DistributedWeightedSampler, epoch_size=1024000, replacement=True
2026-09-13 01:58:58,678 | INFO | Class distribution for train -> bkg: count=69152 (frac=0.500), weight_sum=1.000 (frac=0.500) | sig: count=69152 (frac=0.500), weight_sum=1.000 (frac=0.500)
2026-09-13 01:58:58,678 | INFO | Val loader: size=262144, steps_per_epoch=512, sampler=None (shuffled)
2026-09-13 01:58:58,681 | INFO | Class distribution for val -> bkg: count=130957 (frac=0.500), weight_sum=0.227 (frac=0.500) | sig: count=131187 (frac=0.500), weight_sum=0.227 (frac=0.500)
2026-09-13 02:06:40,635 | INFO | Epoch 1/50 | train_loss=0.6973 | train_accuracy=0.5025 | val_loss=0.6955 | val_accuracy=0.5002
2026-09-13 02:14:20,266 | INFO | Epoch 2/50 | train_loss=0.6943 | train_accuracy=0.5014 | val_loss=0.6929 | val_accuracy=0.5001
2026-09-13 02:21:59,065 | INFO | Epoch 3/50 | train_loss=0.6938 | train_accuracy=0.5023 | val_loss=0.6930 | val_accuracy=0.4996
2026-09-13 02:29:36,166 | INFO | Epoch 4/50 | train_loss=0.6936 | train_accuracy=0.5021 | val_loss=0.6928 | val_accuracy=0.4992
2026-09-13 02:37:14,379 | INFO | Epoch 5/50 | train_loss=0.6935 | train_accuracy=0.5024 | val_loss=0.6933 | val_accuracy=0.5000
2026-09-13 02:44:52,452 | INFO | Epoch 6/50 | train_loss=0.6934 | train_accuracy=0.5017 | val_loss=0.6928 | val_accuracy=0.5001
2026-09-13 02:52:30,815 | INFO | Epoch 7/50 | train_loss=0.6932 | train_accuracy=0.5026 | val_loss=0.6928 | val_accuracy=0.4999
2026-09-13 03:02:40,388 | INFO | Epoch 8/50 | train_loss=0.6931 | train_accuracy=0.5032 | val_loss=0.6928 | val_accuracy=0.4995
2026-09-13 03:09:34,434 | INFO | Epoch 9/50 | train_loss=0.6931 | train_accuracy=0.5032 | val_loss=0.6930 | val_accuracy=0.5000
2026-09-13 03:15:43,331 | INFO | Epoch 10/50 | train_loss=0.6931 | train_accuracy=0.5023 | val_loss=0.6928 | val_accuracy=0.5000
2026-09-13 03:21:52,797 | INFO | Epoch 11/50 | train_loss=0.6930 | train_accuracy=0.5028 | val_loss=0.6928 | val_accuracy=0.4999
2026-09-13 03:30:12,740 | INFO | Epoch 12/50 | train_loss=0.6930 | train_accuracy=0.5019 | val_loss=0.6928 | val_accuracy=0.4993
2026-09-13 03:30:12,742 | INFO | Early stopping triggered after 5 epochs without improvement on val_loss
2026-09-13 03:30:13,572 | INFO | Restored best model from epoch 7 based on val_loss=0.6928
2026-09-13 03:30:13,572 | INFO | Training finished
2026-09-13 03:30:13,573 | INFO | Saving checkpoint to /home/ubuntu/datascan/runs/scratch/sbi_over_bkg/f0030/seed2/final.pt (includes normalizer=True, extra keys=['schedulers'])
2026-09-13 03:30:14,316 | INFO | Starting _collect_predictions
2026-09-13 03:30:14,317 | INFO | Dataset size = 4096
2026-09-13 03:30:14,317 | INFO | Batch size = 1024
2026-09-13 03:30:14,859 | INFO | Finished prediction collection: preds=(4096, 2), indices=(4096,)
[done] scratch/sbi_over_bkg/f0030/seed2: best_epoch=7 val_auc=0.5072 C_ref=0.9986 chi2/ndf=0.55 (104.5 min)
2026-09-13 03:43:25,472 | INFO | Initializing default EveNet-Lite model from /home/ubuntu/EveNet-Lite/evenet_lite/config/default_network_config.yaml with global_input_dim=3, sequential_input_dim=4
2026-09-13 03:43:25,725 | INFO | Initialized torchmetrics Accuracy with num_classes=2
2026-09-13 03:43:25,868 | INFO | Fitted normalizer with features: {'x': ['pt', 'energy', 'eta', 'phi'], 'globals': ['m4l', 'sum_pt', 'sum_energy']}
2026-09-13 03:43:25,869 | INFO | Normalization plan:
+---------------+--------------+-------------------+--------------+----------+
| Feature Group | Feature Name | Rule              | Mean         | Std      |
+===============+==============+===================+==============+==========+
| x             | pt           | log_normalize     | 3.98719      | 0.678665 |
|               | energy       | log_normalize     | 4.42796      | 0.738525 |
|               | eta          | normalize         | -0.000223594 | 1.09848  |
|               | phi          | normalize_uniform | -0.00094655  | 1.81372  |
| globals       | m4l          | log_normalize     | 5.7232       | 0.399183 |
|               | sum_pt       | log_normalize     | 5.49122      | 0.443187 |
|               | sum_energy   | log_normalize     | 5.97494      | 0.455771 |
+---------------+--------------+-------------------+--------------+----------+
2026-09-13 03:43:25,869 | INFO | Training setup: epochs=50, batch_size=512, world_size=1, device=cuda
2026-09-13 03:43:25,869 | INFO | Train loader: size=347710, steps_per_epoch=2000, sampler=DistributedWeightedSampler, epoch_size=1024000, replacement=True
2026-09-13 03:43:25,872 | INFO | Class distribution for train -> bkg: count=226320 (frac=0.651), weight_sum=1.000 (frac=0.500) | sig: count=121390 (frac=0.349), weight_sum=1.000 (frac=0.500)
2026-09-13 03:43:25,872 | INFO | Val loader: size=262144, steps_per_epoch=512, sampler=None (shuffled)
2026-09-13 03:43:25,874 | INFO | Class distribution for val -> bkg: count=170468 (frac=0.650), weight_sum=0.302 (frac=0.501) | sig: count=91676 (frac=0.350), weight_sum=0.301 (frac=0.499)
2026-09-13 03:49:36,085 | INFO | Epoch 1/50 | train_loss=0.4336 | train_accuracy=0.8160 | val_loss=0.4147 | val_accuracy=0.7831
2026-09-13 03:55:46,528 | INFO | Epoch 2/50 | train_loss=0.4235 | train_accuracy=0.8201 | val_loss=0.4365 | val_accuracy=0.7566
2026-09-13 04:01:57,325 | INFO | Epoch 3/50 | train_loss=0.4185 | train_accuracy=0.8224 | val_loss=0.4153 | val_accuracy=0.7851
2026-09-13 04:08:08,483 | INFO | Epoch 4/50 | train_loss=0.4133 | train_accuracy=0.8239 | val_loss=0.4274 | val_accuracy=0.7599
2026-09-13 04:14:19,499 | INFO | Epoch 5/50 | train_loss=0.4064 | train_accuracy=0.8266 | val_loss=0.4281 | val_accuracy=0.7528
2026-09-13 04:20:31,505 | INFO | Epoch 6/50 | train_loss=0.4004 | train_accuracy=0.8290 | val_loss=0.4584 | val_accuracy=0.7440
2026-09-13 04:20:31,506 | INFO | Early stopping triggered after 5 epochs without improvement on val_loss
2026-09-13 04:20:31,605 | INFO | Restored best model from epoch 1 based on val_loss=0.4147
2026-09-13 04:20:31,605 | INFO | Training finished
2026-09-13 04:20:31,606 | INFO | Saving checkpoint to /home/ubuntu/datascan/runs/scratch/sig_over_bkg/f0100/seed1/final.pt (includes normalizer=True, extra keys=['schedulers'])
2026-09-13 04:20:32,179 | INFO | Starting _collect_predictions
2026-09-13 04:20:32,179 | INFO | Dataset size = 4096
2026-09-13 04:20:32,179 | INFO | Batch size = 1024
2026-09-13 04:20:32,493 | INFO | Finished prediction collection: preds=(4096, 2), indices=(4096,)
[done] scratch/sig_over_bkg/f0100/seed1: best_epoch=1 val_auc=0.8827 C_ref=0.8929 chi2/ndf=69.81 (48.2 min)
2026-09-13 04:31:38,298 | INFO | Initializing default EveNet-Lite model from /home/ubuntu/EveNet-Lite/evenet_lite/config/default_network_config.yaml with global_input_dim=3, sequential_input_dim=4
2026-09-13 04:31:38,615 | INFO | Initialized torchmetrics Accuracy with num_classes=2
2026-09-13 04:31:38,782 | INFO | Fitted normalizer with features: {'x': ['pt', 'energy', 'eta', 'phi'], 'globals': ['m4l', 'sum_pt', 'sum_energy']}
2026-09-13 04:31:38,782 | INFO | Normalization plan:
+---------------+--------------+-------------------+-------------+----------+
| Feature Group | Feature Name | Rule              | Mean        | Std      |
+===============+==============+===================+=============+==========+
| x             | pt           | log_normalize     | 3.81063     | 0.53229  |
|               | energy       | log_normalize     | 4.2619      | 0.628308 |
|               | eta          | normalize         | 0.000663747 | 1.11446  |
|               | phi          | normalize_uniform | 0.00265137  | 1.81299  |
| globals       | m4l          | log_normalize     | 5.52656     | 0.260195 |
|               | sum_pt       | log_normalize     | 5.27648     | 0.297141 |
|               | sum_energy   | log_normalize     | 5.77709     | 0.35703  |
+---------------+--------------+-------------------+-------------+----------+
2026-09-13 04:31:38,782 | INFO | Training setup: epochs=50, batch_size=512, world_size=1, device=cuda
2026-09-13 04:31:38,782 | INFO | Train loader: size=461012, steps_per_epoch=2000, sampler=DistributedWeightedSampler, epoch_size=1024000, replacement=True
2026-09-13 04:31:38,786 | INFO | Class distribution for train -> bkg: count=230506 (frac=0.500), weight_sum=1.000 (frac=0.500) | sig: count=230506 (frac=0.500), weight_sum=1.000 (frac=0.500)
2026-09-13 04:31:38,786 | INFO | Val loader: size=262144, steps_per_epoch=512, sampler=None (shuffled)
2026-09-13 04:31:38,789 | INFO | Class distribution for val -> bkg: count=130957 (frac=0.500), weight_sum=0.227 (frac=0.500) | sig: count=131187 (frac=0.500), weight_sum=0.227 (frac=0.500)
2026-09-13 04:40:29,028 | INFO | Epoch 1/50 | train_loss=0.6978 | train_accuracy=0.5018 | val_loss=0.6931 | val_accuracy=0.5001
2026-09-13 04:49:25,234 | INFO | Epoch 2/50 | train_loss=0.6944 | train_accuracy=0.5023 | val_loss=0.6928 | val_accuracy=0.5001
2026-09-13 04:57:00,039 | INFO | Epoch 3/50 | train_loss=0.6939 | train_accuracy=0.5022 | val_loss=0.6934 | val_accuracy=0.4996
2026-09-13 05:04:34,134 | INFO | Epoch 4/50 | train_loss=0.6937 | train_accuracy=0.5014 | val_loss=0.6935 | val_accuracy=0.5001
2026-09-13 05:12:13,590 | INFO | Epoch 5/50 | train_loss=0.6937 | train_accuracy=0.5020 | val_loss=0.6931 | val_accuracy=0.4994
2026-09-13 05:19:53,811 | INFO | Epoch 6/50 | train_loss=0.6936 | train_accuracy=0.5024 | val_loss=0.6931 | val_accuracy=0.4995
2026-09-13 05:27:34,160 | INFO | Epoch 7/50 | train_loss=0.6935 | train_accuracy=0.5008 | val_loss=0.6930 | val_accuracy=0.4996
2026-09-13 05:27:34,160 | INFO | Early stopping triggered after 5 epochs without improvement on val_loss
2026-09-13 05:27:34,314 | INFO | Restored best model from epoch 2 based on val_loss=0.6928
2026-09-13 05:27:34,314 | INFO | Training finished
2026-09-13 05:27:34,315 | INFO | Saving checkpoint to /home/ubuntu/datascan/runs/scratch/sbi_over_bkg/f0100/seed1/final.pt (includes normalizer=True, extra keys=['schedulers'])
2026-09-13 05:27:34,861 | INFO | Starting _collect_predictions
2026-09-13 05:27:34,861 | INFO | Dataset size = 4096
2026-09-13 05:27:34,861 | INFO | Batch size = 1024
2026-09-13 05:27:35,272 | INFO | Finished prediction collection: preds=(4096, 2), indices=(4096,)
[done] scratch/sbi_over_bkg/f0100/seed1: best_epoch=2 val_auc=0.5072 C_ref=0.9734 chi2/ndf=0.57 (68.5 min)
2026-09-13 05:40:08,392 | INFO | Initializing default EveNet-Lite model from /home/ubuntu/EveNet-Lite/evenet_lite/config/default_network_config.yaml with global_input_dim=3, sequential_input_dim=4
2026-09-13 05:40:08,681 | INFO | Initialized torchmetrics Accuracy with num_classes=2
2026-09-13 05:40:08,900 | INFO | Fitted normalizer with features: {'x': ['pt', 'energy', 'eta', 'phi'], 'globals': ['m4l', 'sum_pt', 'sum_energy']}
2026-09-13 05:40:08,901 | INFO | Normalization plan:
+---------------+--------------+-------------------+-------------+----------+
| Feature Group | Feature Name | Rule              | Mean        | Std      |
+===============+==============+===================+=============+==========+
| x             | pt           | log_normalize     | 3.98667     | 0.678882 |
|               | energy       | log_normalize     | 4.42671     | 0.738427 |
|               | eta          | normalize         | 0.000543537 | 1.09754  |
|               | phi          | normalize_uniform | 0.00180264  | 1.81397  |
| globals       | m4l          | log_normalize     | 5.72291     | 0.39922  |
|               | sum_pt       | log_normalize     | 5.49077     | 0.443442 |
|               | sum_energy   | log_normalize     | 5.97403     | 0.454819 |
+---------------+--------------+-------------------+-------------+----------+
2026-09-13 05:40:08,901 | INFO | Training setup: epochs=50, batch_size=512, world_size=1, device=cuda
2026-09-13 05:40:08,901 | INFO | Train loader: size=347710, steps_per_epoch=2000, sampler=DistributedWeightedSampler, epoch_size=1024000, replacement=True
2026-09-13 05:40:08,904 | INFO | Class distribution for train -> bkg: count=226320 (frac=0.651), weight_sum=1.000 (frac=0.500) | sig: count=121390 (frac=0.349), weight_sum=1.000 (frac=0.500)
2026-09-13 05:40:08,904 | INFO | Val loader: size=262144, steps_per_epoch=512, sampler=None (shuffled)
2026-09-13 05:40:08,906 | INFO | Class distribution for val -> bkg: count=170468 (frac=0.650), weight_sum=0.302 (frac=0.501) | sig: count=91676 (frac=0.350), weight_sum=0.301 (frac=0.499)
2026-09-13 05:49:41,673 | INFO | Epoch 1/50 | train_loss=0.4297 | train_accuracy=0.8186 | val_loss=0.4277 | val_accuracy=0.7792
2026-09-13 05:58:49,066 | INFO | Epoch 2/50 | train_loss=0.4189 | train_accuracy=0.8231 | val_loss=0.4100 | val_accuracy=0.7741
2026-09-13 06:06:30,263 | INFO | Epoch 3/50 | train_loss=0.4130 | train_accuracy=0.8259 | val_loss=0.4282 | val_accuracy=0.7707
2026-09-13 06:14:10,375 | INFO | Epoch 4/50 | train_loss=0.4082 | train_accuracy=0.8273 | val_loss=0.4163 | val_accuracy=0.7708
2026-09-13 06:21:49,300 | INFO | Epoch 5/50 | train_loss=0.4018 | train_accuracy=0.8301 | val_loss=0.4342 | val_accuracy=0.7605
2026-09-13 06:29:30,101 | INFO | Epoch 6/50 | train_loss=0.3947 | train_accuracy=0.8331 | val_loss=0.4390 | val_accuracy=0.7618
2026-09-13 06:37:11,767 | INFO | Epoch 7/50 | train_loss=0.3854 | train_accuracy=0.8374 | val_loss=0.4268 | val_accuracy=0.7743
2026-09-13 06:37:11,768 | INFO | Early stopping triggered after 5 epochs without improvement on val_loss
2026-09-13 06:37:11,978 | INFO | Restored best model from epoch 2 based on val_loss=0.4100
2026-09-13 06:37:11,979 | INFO | Training finished
2026-09-13 06:37:11,979 | INFO | Saving checkpoint to /home/ubuntu/datascan/runs/scratch/sig_over_bkg/f0100/seed2/final.pt (includes normalizer=True, extra keys=['schedulers'])
2026-09-13 06:37:12,636 | INFO | Starting _collect_predictions
2026-09-13 06:37:12,637 | INFO | Dataset size = 4096
2026-09-13 06:37:12,637 | INFO | Batch size = 1024
2026-09-13 06:37:13,077 | INFO | Finished prediction collection: preds=(4096, 2), indices=(4096,)
[done] scratch/sig_over_bkg/f0100/seed2: best_epoch=2 val_auc=0.8827 C_ref=1.0565 chi2/ndf=16.42 (70.1 min)
2026-09-13 06:50:14,117 | INFO | Initializing default EveNet-Lite model from /home/ubuntu/EveNet-Lite/evenet_lite/config/default_network_config.yaml with global_input_dim=3, sequential_input_dim=4
2026-09-13 06:50:14,429 | INFO | Initialized torchmetrics Accuracy with num_classes=2
2026-09-13 06:50:14,710 | INFO | Fitted normalizer with features: {'x': ['pt', 'energy', 'eta', 'phi'], 'globals': ['m4l', 'sum_pt', 'sum_energy']}
2026-09-13 06:50:14,711 | INFO | Normalization plan:
+---------------+--------------+-------------------+------------+----------+
| Feature Group | Feature Name | Rule              | Mean       | Std      |
+===============+==============+===================+============+==========+
| x             | pt           | log_normalize     | 3.81051    | 0.532688 |
|               | energy       | log_normalize     | 4.26161    | 0.627601 |
|               | eta          | normalize         | 0.00196005 | 1.1141   |
|               | phi          | normalize_uniform | 0.00394717 | 1.81277  |
| globals       | m4l          | log_normalize     | 5.52739    | 0.261195 |
|               | sum_pt       | log_normalize     | 5.2765     | 0.297637 |
|               | sum_energy   | log_normalize     | 5.77657    | 0.357195 |
+---------------+--------------+-------------------+------------+----------+
2026-09-13 06:50:14,711 | INFO | Training setup: epochs=50, batch_size=512, world_size=1, device=cuda
2026-09-13 06:50:14,711 | INFO | Train loader: size=461012, steps_per_epoch=2000, sampler=DistributedWeightedSampler, epoch_size=1024000, replacement=True
2026-09-13 06:50:14,714 | INFO | Class distribution for train -> bkg: count=230506 (frac=0.500), weight_sum=1.000 (frac=0.500) | sig: count=230506 (frac=0.500), weight_sum=1.000 (frac=0.500)
2026-09-13 06:50:14,715 | INFO | Val loader: size=262144, steps_per_epoch=512, sampler=None (shuffled)
2026-09-13 06:50:14,717 | INFO | Class distribution for val -> bkg: count=130957 (frac=0.500), weight_sum=0.227 (frac=0.500) | sig: count=131187 (frac=0.500), weight_sum=0.227 (frac=0.500)
2026-09-13 06:57:57,884 | INFO | Epoch 1/50 | train_loss=0.6974 | train_accuracy=0.5020 | val_loss=0.6941 | val_accuracy=0.5003
2026-09-13 07:05:40,660 | INFO | Epoch 2/50 | train_loss=0.6944 | train_accuracy=0.5018 | val_loss=0.6978 | val_accuracy=0.4996
2026-09-13 07:13:21,186 | INFO | Epoch 3/50 | train_loss=0.6938 | train_accuracy=0.5022 | val_loss=0.6930 | val_accuracy=0.4997
2026-09-13 07:21:04,298 | INFO | Epoch 4/50 | train_loss=0.6937 | train_accuracy=0.5015 | val_loss=0.6938 | val_accuracy=0.4996
2026-09-13 07:28:46,876 | INFO | Epoch 5/50 | train_loss=0.6934 | train_accuracy=0.5029 | val_loss=0.6928 | val_accuracy=0.4999
2026-09-13 07:36:29,308 | INFO | Epoch 6/50 | train_loss=0.6935 | train_accuracy=0.5016 | val_loss=0.6935 | val_accuracy=0.5000
2026-09-13 07:46:05,793 | INFO | Epoch 7/50 | train_loss=0.6935 | train_accuracy=0.5009 | val_loss=0.6933 | val_accuracy=0.4996
2026-09-13 07:54:57,212 | INFO | Epoch 8/50 | train_loss=0.6935 | train_accuracy=0.5011 | val_loss=0.6931 | val_accuracy=0.5004
2026-09-13 08:02:38,674 | INFO | Epoch 9/50 | train_loss=0.6935 | train_accuracy=0.5003 | val_loss=0.6936 | val_accuracy=0.4996
2026-09-13 08:10:19,609 | INFO | Epoch 10/50 | train_loss=0.6935 | train_accuracy=0.4992 | val_loss=0.6932 | val_accuracy=0.5004
2026-09-13 08:10:19,611 | INFO | Early stopping triggered after 5 epochs without improvement on val_loss
2026-09-13 08:10:19,779 | INFO | Restored best model from epoch 5 based on val_loss=0.6928
2026-09-13 08:10:19,779 | INFO | Training finished
2026-09-13 08:10:19,780 | INFO | Saving checkpoint to /home/ubuntu/datascan/runs/scratch/sbi_over_bkg/f0100/seed2/final.pt (includes normalizer=True, extra keys=['schedulers'])
2026-09-13 08:10:20,420 | INFO | Starting _collect_predictions
2026-09-13 08:10:20,421 | INFO | Dataset size = 4096
2026-09-13 08:10:20,421 | INFO | Batch size = 1024
2026-09-13 08:10:20,847 | INFO | Finished prediction collection: preds=(4096, 2), indices=(4096,)
[done] scratch/sbi_over_bkg/f0100/seed2: best_epoch=5 val_auc=0.5076 C_ref=0.9704 chi2/ndf=1.20 (92.7 min)
variant         task  frac  seed status
scratch sig_over_bkg  0.01     1   done
scratch sbi_over_bkg  0.01     1   done
scratch sig_over_bkg  0.01     2   done
scratch sbi_over_bkg  0.01     2   done
scratch sig_over_bkg  0.03     1   done
scratch sbi_over_bkg  0.03     1   done
scratch sig_over_bkg  0.03     2   done
scratch sbi_over_bkg  0.03     2   done
scratch sig_over_bkg  0.10     1   done
scratch sbi_over_bkg  0.10     1   done
scratch sig_over_bkg  0.10     2   done
scratch sbi_over_bkg  0.10     2   done
summary: done=12
